******************************************************************************
               TMS320C6x Linker PC v6.1.9                      
******************************************************************************
>> Linked Tue Nov 26 15:05:59 2013

OUTPUT FILE NAME:   <./Debug/AACEnc.out>
ENTRY POINT SYMBOL: "_c_int00"  address: 0000b240


MEMORY CONFIGURATION

         name            origin    length      used     unused   attr    fill
----------------------  --------  ---------  --------  --------  ----  --------
  RAM                   00000001   fffffffe  0001177e  fffee880  RWIX


SECTION ALLOCATION MAP

 output                                  attributes/
section   page    origin      length       input sections
--------  ----  ----------  ----------   ----------------
.pinit     0    00000004    00000000     UNINITIALIZED

.data      0    00000008    00000000     UNINITIALIZED

.text      0    00000020    0000b540     
                  00000020    00001d60     psychkni.obj (.text)
                  00001d80    00000e00     fft.obj (.text)
                  00002b80    00000800     rts6400.lib : divd.obj (.text:__divd)
                  00003380    000004e0                 : _printfi.obj (.text:__getarg_diouxp)
                  00003860    000004c0                 : _printfi.obj (.text:__setfield)
                  00003d20    000004c0                 : cos.obj (.text:_cos)
                  000041e0    00000460                 : sin.obj (.text:_sin)
                  00004640    00000420                 : _printfi.obj (.text:__printfi)
                  00004a60    00000400                 : _printfi.obj (.text:_fcvt)
                  00004e60    000003c0                 : _printfi.obj (.text:_ecvt)
                  00005220    000003a0                 : _printfi.obj (.text:__pproc_fge)
                  000055c0    00000340                 : _printfi.obj (.text:__pproc_fwp)
                  00005900    00000320                 : _printfi.obj (.text:__pconv_e)
                  00005c20    00000320                 : fputs.obj (.text:_fputs)
                  00005f40    000002e0                 : memory.obj (.text:_free)
                  00006220    000002c0                 : imath64.obj (.text:__divull)
                  000064e0    000002c0                 : sqrt.obj (.text:_sqrt)
                  000067a0    00000280                 : addd.obj (.text:__addd)
                  00006a20    00000280                 : frcmpyd_div.obj (.text:__frcmpyd_div)
                  00006ca0    00000280                 : mpyd.obj (.text:__mpyd)
                  00006f20    00000280                 : _printfi.obj (.text:__pproc_diouxp)
                  000071a0    00000260                 : _printfi.obj (.text:__pproc_str)
                  00007400    00000240                 : frcaddd.obj (.text:__frcaddd)
                  00007640    00000240                 : ldexp.obj (.text:_ldexp)
                  00007880    00000220                 : _printfi.obj (.text:__mcpy)
                  00007aa0    00000200                 : trgdrv.obj (.text:_HOSTrename)
                  00007ca0    000001e0                 : _printfi.obj (.text:__pconv_g)
                  00007e80    000001e0                 : frexp.obj (.text:_frexp)
                  00008060    000001c0                 : imath40.obj (.text:__divul)
                  00008220    000001c0                 : memory.obj (.text:_malloc)
                  000083e0    000001c0                 : setvbuf.obj (.text:_setvbuf)
                  000085a0    00000180                 : lowlev.obj (.text:_getdevice)
                  00008720    00000160                 : _printfi.obj (.text:__ltostr)
                  00008880    00000160                 : round.obj (.text:__nround)
                  000089e0    00000160                 : _printfi.obj (.text:__pproc_fflags)
                  00008b40    00000160                 : fputc.obj (.text:_fputc)
                  00008ca0    00000140                 : fclose.obj (.text:_fclose)
                  00008de0    00000120                 : trgdrv.obj (.text:_HOSTlseek)
                  00008f00    00000120                 : frcmpyd.obj (.text:__frcmpyd)
                  00009020    00000120                 : atoi.obj (.text:_atoi)
                  00009140    00000100                 : trgdrv.obj (.text:_HOSTopen)
                  00009240    00000100                 : trgdrv.obj (.text:_HOSTread)
                  00009340    00000100                 : trgdrv.obj (.text:_HOSTwrite)
                  00009440    00000100                 : autoinit.obj (.text:__auto_init)
                  00009540    00000100                 : _io_perm.obj (.text:__wrt_ok)
                  00009640    00000100                 : lowlev.obj (.text:_close)
                  00009740    00000100                 : fseek.obj (.text:_fseek)
                  00009840    00000100                 : lowlev.obj (.text:_lseek)
                  00009940    00000100                 : ltoa.obj (.text:_ltoa)
                  00009a40    00000100                 : memset.obj (.text:_memset)
                  00009b40    00000100                 : lowlev.obj (.text:_write)
                  00009c40    000000e0                 : trgdrv.obj (.text:_HOSTunlink)
                  00009d20    000000e0                 : fopen.obj (.text:__cleanup)
                  00009e00    000000e0                 : cmpd.obj (.text:__cmpd)
                  00009ee0    000000e0                 : _printfi.obj (.text:__div)
                  00009fc0    000000e0                 : fflush.obj (.text:__doflush)
                  0000a0a0    000000e0                 : _printfi.obj (.text:__pconv_f)
                  0000a180    000000e0                 : exit.obj (.text:_exit)
                  0000a260    000000e0                 : memcpy64.obj (.text:_memcpy)
                  0000a340    000000e0                 : modf.obj (.text:_modf)
                  0000a420    000000c0                 : trgdrv.obj (.text:_HOSTclose)
                  0000a4e0    000000c0                 : cvtdf.obj (.text:__cvtdf)
                  0000a5a0    000000c0                 : divu.obj (.text:__divu)
                  0000a660    000000c0                 : _printfi.obj (.text:__ecpy)
                  0000a720    000000c0                 : _printfi.obj (.text:__fcpy)
                  0000a7e0    000000c0                 : memory.obj (.text:_minsert)
                  0000a8a0    000000c0                 : memory.obj (.text:_mremove)
                  0000a960    000000a0                 : imath40.obj (.text:__divli)
                  0000aa00    000000a0                 : fixdi.obj (.text:__fixdi)
                  0000aaa0    000000a0                 : fixdli.obj (.text:__fixdli)
                  0000ab40    000000a0                 : renormd.obj (.text:__renormd)
                  0000abe0    000000a0                 : lowlev.obj (.text:_finddevice)
                  0000ac80    00000080                 : fltlid.obj (.text:__fltlid)
                  0000ad00    00000080                 : llshift.obj (.text:__llshl)
                  0000ad80    00000080                 : mpyll.obj (.text:__mpyll)
                  0000ae00    00000080                 : fprintf.obj (.text:_fprintf)
                  0000ae80    00000080                 : memccpy.obj (.text:_memccpy)
                  0000af00    00000080                 : trgmsg.obj (.text:_readmsg)
                  0000af80    00000080                 : lowlev.obj (.text:_unlink)
                  0000b000    00000060                 : isinf.obj (.text:___isinf)
                  0000b060    00000060                 : cvtfd.obj (.text:__cvtfd)
                  0000b0c0    00000060                 : fltid.obj (.text:__fltid)
                  0000b120    00000060                 : llshift.obj (.text:__llshru)
                  0000b180    00000060                 : imath40.obj (.text:__remli)
                  0000b1e0    00000060                 : imath64.obj (.text:__subcull)
                  0000b240    00000060                 : boot.obj (.text:_c_int00)
                  0000b2a0    00000060                 : trgmsg.obj (.text:_writemsg)
                  0000b300    00000040                 : _printfi.obj (.text:___isnan)
                  0000b340    00000040                 : divd.obj (.text:___isnan)
                  0000b380    00000040                 : args_main.obj (.text:__args_main)
                  0000b3c0    00000040                 : fltud.obj (.text:__fltud)
                  0000b400    00000040                 : negd.obj (.text:__negd)
                  0000b440    00000040                 : subd.obj (.text:__subd)
                  0000b480    00000020                 : negll.obj (.text:__negll)
                  0000b4a0    00000020                 : _lock.obj (.text:__nop)
                  0000b4c0    00000020                 : fprintf.obj (.text:__outc)
                  0000b4e0    00000020                 : fprintf.obj (.text:__outs)
                  0000b500    00000020                 : trunc.obj (.text:__trunc)
                  0000b520    00000020                 : exit.obj (.text:_abort)
                  0000b540    00000020                 : remove.obj (.text:_remove)

.far       0    0000b560    00002c00     UNINITIALIZED
                  0000b560    00001750     huffman.obj (.far)
                  0000ccb0    00000e68     frame.obj (.far)
                  0000db18    00000194     rts6400.lib : defs.obj (.far)
                  0000dcac    00000004                 : errno.obj (.far)
                  0000dcb0    00000120                 : pow.obj (.far)
                  0000ddd0    000000d0                 : trgdrv.obj (.far)
                  0000dea0    000000cc                 : lowlev.obj (.far)
                  0000df6c    00000004                 : fopen.obj (.far)
                  0000df70    00000060                 : asin.obj (.far)
                  0000dfd0    00000060     tns.obj (.far)
                  0000e030    00000040     ltp.obj (.far)
                  0000e070    00000040     rts6400.lib : cos.obj (.far)
                  0000e0b0    00000040                 : sin.obj (.far)
                  0000e0f0    00000030                 : log.obj (.far)
                  0000e120    00000014     psychkni.obj (.far)
                  0000e134    0000000c     rts6400.lib : exit.obj (.far)
                  0000e140    00000008                 : _lock.obj (.far)
                  0000e148    00000008                 : divd.obj (.far)
                  0000e150    00000008                 : divf.obj (.far)
                  0000e158    00000008                 : memory.obj (.far)

.cinit     0    0000e160    00002a2c     
                  0000e160    000017b0     huffman.obj (.cinit)
                  0000f910    00000d68     frame.obj (.cinit)
                  00010678    00000140     rts6400.lib : pow.obj (.cinit)
                  000107b8    000000aa     tns.obj (.cinit)
                  00010862    00000006     --HOLE-- [fill = 0]
                  00010868    00000068     rts6400.lib : asin.obj (.cinit)
                  000108d0    0000005c                 : defs.obj (.cinit)
                  0001092c    00000004     --HOLE-- [fill = 0]
                  00010930    0000005c                 : lowlev.obj (.cinit)
                  0001098c    00000004     --HOLE-- [fill = 0]
                  00010990    00000048     ltp.obj (.cinit)
                  000109d8    00000048     rts6400.lib : cos.obj (.cinit)
                  00010a20    00000048                 : sin.obj (.cinit)
                  00010a68    00000040                 : log.obj (.cinit)
                  00010aa8    0000002c                 : exit.obj (.cinit)
                  00010ad4    00000004     --HOLE-- [fill = 0]
                  00010ad8    0000002c                 : memory.obj (.cinit)
                  00010b04    00000004     --HOLE-- [fill = 0]
                  00010b08    0000001c     psychkni.obj (.cinit)
                  00010b24    00000004     --HOLE-- [fill = 0]
                  00010b28    0000001c     rts6400.lib : _lock.obj (.cinit)
                  00010b44    00000004     --HOLE-- [fill = 0]
                  00010b48    00000010                 : divd.obj (.cinit)
                  00010b58    00000010                 : divf.obj (.cinit)
                  00010b68    0000000c                 : errno.obj (.cinit)
                  00010b74    00000004     --HOLE-- [fill = 0]
                  00010b78    0000000c                 : fopen.obj (.cinit)
                  00010b84    00000004     --HOLE-- [fill = 0]
                  00010b88    00000004     (.pad.cinit) [fill = 0]

.stack     0    00010b90    00000400     UNINITIALIZED
                  00010b90    00000008     rts6400.lib : boot.obj (.stack)
                  00010b98    000003f8     --HOLE--

.sysmem    0    00010f90    00000400     UNINITIALIZED
                  00010f90    00000008     rts6400.lib : memory.obj (.sysmem)
                  00010f98    000003f8     --HOLE--

.const     0    00011390    000002d4     
                  00011390    00000174     frame.obj (.const:.string)
                  00011504    00000003     rts6400.lib : assert.obj (.const:.string)
                  00011507    00000001     --HOLE-- [fill = 0]
                  00011508    00000101                 : ctype.obj (.const:__ctypes_)
                  00011609    00000002                 : fputs.obj (.const:.string)
                  0001160b    00000001     --HOLE-- [fill = 0]
                  0001160c    00000028     fft.obj (.const:.string)
                  00011634    00000023     rts6400.lib : _printfi.obj (.const:.string)
                  00011657    00000001     --HOLE-- [fill = 0]
                  00011658    0000000c     bitstream.obj (.const:.string)

.cio       0    00011668    00000120     UNINITIALIZED
                  00011668    00000120     rts6400.lib : trgmsg.obj (.cio)

.bss       0    00011788    0000001e     UNINITIALIZED
                  00011788    00000018     frame.obj (.bss)
                  000117a0    00000006     tns.obj (.bss)


GLOBAL SYMBOLS: SORTED ALPHABETICALLY BY Name 

address    name
--------   ----
00011788   $bss
00011788   .bss
00000008   .data
00000020   .text
0000b520   C$$EXIT
0000b2f8   C$$IO$$
0000a420   _HOSTclose
00008de0   _HOSTlseek
00009140   _HOSTopen
00009240   _HOSTread
00007aa0   _HOSTrename
00009c40   _HOSTunlink
00009340   _HOSTwrite
00011668   __CIOBUF_
00000400   __STACK_SIZE
00000400   __SYSMEM_SIZE
0000e13c   ___TI_enable_exit_profile_output
ffffffff   ___TI_pprof_out_hndl
ffffffff   ___TI_prof_data_size
ffffffff   ___TI_prof_data_start
ffffffff   ___binit__
00011788   ___bss__
ffffffff   ___c_args__
0000e160   ___cinit__
00000008   ___data__
00000008   ___edata__
000117a6   ___end__
0000b560   ___etext__
0000b000   ___isinf
ffffffff   ___pinit__
00000020   ___text__
000067a0   __addd
0000b380   __args_main
00009440   __auto_init
00009d20   __cleanup
0000e134   __cleanup_ptr
00009e00   __cmpd
00011508   __ctypes_
0000a4e0   __cvtdf
0000b060   __cvtfd
00002b80   __divd
0000a960   __divli
0000a5a0   __divu
00008060   __divul
00006220   __divull
00009fc0   __doflush
0000e138   __dtors_ptr
0000aa00   __fixdi
0000aaa0   __fixdli
0000b0c0   __fltid
0000ac80   __fltlid
0000b3c0   __fltud
00007400   __frcaddd
00008f00   __frcmpyd
00006a20   __frcmpyd_div
0000dca8   __ft_end
0000db18   __ftable
0000ad00   __llshl
0000b120   __llshru
0000e140   __lock
00006ca0   __mpyd
0000ad80   __mpyll
0000b400   __negd
0000b480   __negll
0000b4a0   __nop
00008880   __nround
00004640   __printfi
0000b180   __remli
0000ab40   __renormd
00010b90   __stack
0000b1e0   __subcull
0000b440   __subd
00010f90   __sys_memory
0000dc08   __tmpnams
0000b500   __trunc
0000e144   __unlock
00009540   __wrt_ok
0000b520   _abort
00009020   _atoi
0000b240   _c_int00
00009640   _close
00003d20   _cos
0000dcac   _errno
0000a180   _exit
00008ca0   _fclose
00002860   _fft
00001d80   _fft_initialize
00001e7c   _fft_terminate
00002a18   _ffti
0000ae00   _fprintf
00008b40   _fputc
00005c20   _fputs
00005f40   _free
00007e80   _frexp
00009740   _fseek
0000b560   _huff1
0000c1b8   _huff10
0000c460   _huff11
0000c8e8   _huff12
0000b6a8   _huff2
0000b7f0   _huff3
0000b938   _huff4
0000ba80   _huff5
0000bbc8   _huff6
0000bd10   _huff7
0000be10   _huff8
0000bf10   _huff9
00007640   _ldexp
00009840   _lseek
00009940   _ltoa
UNDEFED    _main
00008220   _malloc
0000ae80   _memccpy
0000a260   _memcpy
00009a40   _memset
0000a340   _modf
0000e120   _psymodel2
00008b40   _putc
0000af00   _readmsg
0000b540   _remove
00002944   _rfft
000083e0   _setvbuf
000041e0   _sin
000064e0   _sqrt
0000af80   _unlink
00009b40   _write
0000b2a0   _writemsg
ffffffff   binit
0000e160   cinit
00000008   edata
000117a6   end
0000b560   etext
ffffffff   pinit


GLOBAL SYMBOLS: SORTED BY Symbol Address 

address    name
--------   ----
00000008   .data
00000008   ___data__
00000008   ___edata__
00000008   edata
00000020   .text
00000020   ___text__
00000400   __STACK_SIZE
00000400   __SYSMEM_SIZE
00001d80   _fft_initialize
00001e7c   _fft_terminate
00002860   _fft
00002944   _rfft
00002a18   _ffti
00002b80   __divd
00003d20   _cos
000041e0   _sin
00004640   __printfi
00005c20   _fputs
00005f40   _free
00006220   __divull
000064e0   _sqrt
000067a0   __addd
00006a20   __frcmpyd_div
00006ca0   __mpyd
00007400   __frcaddd
00007640   _ldexp
00007aa0   _HOSTrename
00007e80   _frexp
00008060   __divul
00008220   _malloc
000083e0   _setvbuf
00008880   __nround
00008b40   _fputc
00008b40   _putc
00008ca0   _fclose
00008de0   _HOSTlseek
00008f00   __frcmpyd
00009020   _atoi
00009140   _HOSTopen
00009240   _HOSTread
00009340   _HOSTwrite
00009440   __auto_init
00009540   __wrt_ok
00009640   _close
00009740   _fseek
00009840   _lseek
00009940   _ltoa
00009a40   _memset
00009b40   _write
00009c40   _HOSTunlink
00009d20   __cleanup
00009e00   __cmpd
00009fc0   __doflush
0000a180   _exit
0000a260   _memcpy
0000a340   _modf
0000a420   _HOSTclose
0000a4e0   __cvtdf
0000a5a0   __divu
0000a960   __divli
0000aa00   __fixdi
0000aaa0   __fixdli
0000ab40   __renormd
0000ac80   __fltlid
0000ad00   __llshl
0000ad80   __mpyll
0000ae00   _fprintf
0000ae80   _memccpy
0000af00   _readmsg
0000af80   _unlink
0000b000   ___isinf
0000b060   __cvtfd
0000b0c0   __fltid
0000b120   __llshru
0000b180   __remli
0000b1e0   __subcull
0000b240   _c_int00
0000b2a0   _writemsg
0000b2f8   C$$IO$$
0000b380   __args_main
0000b3c0   __fltud
0000b400   __negd
0000b440   __subd
0000b480   __negll
0000b4a0   __nop
0000b500   __trunc
0000b520   C$$EXIT
0000b520   _abort
0000b540   _remove
0000b560   ___etext__
0000b560   _huff1
0000b560   etext
0000b6a8   _huff2
0000b7f0   _huff3
0000b938   _huff4
0000ba80   _huff5
0000bbc8   _huff6
0000bd10   _huff7
0000be10   _huff8
0000bf10   _huff9
0000c1b8   _huff10
0000c460   _huff11
0000c8e8   _huff12
0000db18   __ftable
0000dc08   __tmpnams
0000dca8   __ft_end
0000dcac   _errno
0000e120   _psymodel2
0000e134   __cleanup_ptr
0000e138   __dtors_ptr
0000e13c   ___TI_enable_exit_profile_output
0000e140   __lock
0000e144   __unlock
0000e160   ___cinit__
0000e160   cinit
00010b90   __stack
00010f90   __sys_memory
00011508   __ctypes_
00011668   __CIOBUF_
00011788   $bss
00011788   .bss
00011788   ___bss__
000117a6   ___end__
000117a6   end
ffffffff   ___TI_pprof_out_hndl
ffffffff   ___TI_prof_data_size
ffffffff   ___TI_prof_data_start
ffffffff   ___binit__
ffffffff   ___c_args__
ffffffff   ___pinit__
ffffffff   binit
ffffffff   pinit
UNDEFED    _main

[133 symbols]
