******************************************************************************
               TMS320C6x Linker Unix v7.3.4                    
******************************************************************************
>> Linked Mon Sep 29 18:33:08 2014

OUTPUT FILE NAME:   <bin/ti_platforms_evmTI816X/all_DSP.xe674>
ENTRY POINT SYMBOL: "ti_sysbios_family_c64p_Hwi0"  address: 9977c800


MEMORY CONFIGURATION

         name            origin    length      used     unused   attr    fill
----------------------  --------  ---------  --------  --------  ----  --------
  IRAM                  10800000   00040000  00010000  00030000  RW X
  OCMC_0                40300000   00040000  00034cd8  0000b328  RW X
  OCMC_1                40400000   00040000  00000000  00040000  RW X
  DDRALGHEAP            98000000   01400000  01400000  00000000  RWIX
  DDR3_DSP              99500000   00c00000  0027cae4  0098351c  RWIX
  DDR3_SR1              9a100000   00100000  00100000  00000000  RWIX
  DDR3_SR0              9f700000   00200000  00200000  00000000  RWIX


SEGMENT ALLOCATION MAP

run origin  load origin   length   init length attrs members
----------  ----------- ---------- ----------- ----- -------
10800000    10800000    00010000   00000000    rw-
  10800000    10800000    00010000   00000000    rw- .INT_HEAP
40300000    40300000    00034cd8   00000000    rw-
  40300000    40300000    00034cd8   00000000    rw- .buffers
98000000    98000000    01400000   00000000    rw-
  98000000    98000000    01400000   00000000    rw- .EXTALG_HEAP
99500000    99500000    00100000   00000000    rw-
  99500000    99500000    00100000   00000000    rw- .EXT_HEAP
99600000    99600000    000be520   000be520    r-x
  99600000    99600000    000be520   000be520    r-x .text
996be520    996be520    00080000   00000000    rw-
  996be520    996be520    00080000   00000000    rw- .stack
9973e520    9973e520    00029666   00029666    r--
  9973e520    9973e520    00029666   00029666    r-- .const
99767b88    99767b88    0000ac32   0000ac32    rw-
  99767b88    99767b88    0000ac32   0000ac32    rw- .fardata
997727c0    997727c0    0000953c   00000000    rw-
  997727c0    997727c0    0000953c   00000000    rw- .far
9977bcfc    9977bcfc    000007a4   000007a4    r--
  9977bcfc    9977bcfc    000007a4   000007a4    r-- .switch
9977c4a0    9977c4a0    00000034   00000000    rw-
  9977c4a0    9977c4a0    00000034   00000000    rw- .bss
9977c4d4    9977c4d4    00000292   00000292    rw-
  9977c4d4    9977c4d4    00000292   00000292    rw- .neardata
9977c768    9977c768    00000018   00000018    r--
  9977c768    9977c768    00000018   00000018    r-- .rodata
9977c800    9977c800    00000200   00000200    r-x
  9977c800    9977c800    00000200   00000200    r-x .vecs
9977ca00    9977ca00    00000120   00000000    rw-
  9977ca00    9977ca00    00000120   00000000    rw- .cio
9977cc00    9977cc00    0000004c   0000004c    r--
  9977cc00    9977cc00    0000004c   0000004c    r-- ti_sdo_ipc_init


SECTION ALLOCATION MAP

 output                                  attributes/
section   page    origin      length       input sections
--------  ----  ----------  ----------   ----------------
.cinit     0    99500000    00000000     UNINITIALIZED

.init_array 
*          0    99500000    00000000     UNINITIALIZED

.INT_HEAP 
*          0    10800000    00010000     UNINITIALIZED
                  10800000    00010000     all_DSP_pe674.oe674 (.INT_HEAP)

.buffers   0    40300000    00034cd8     UNINITIALIZED
                  40300000    00034cd8     avdAEC.lib : avdtype.obj (.buffers)

.EXTALG_HEAP 
*          0    98000000    01400000     UNINITIALIZED
                  98000000    01400000     all_DSP_pe674.oe674 (.EXTALG_HEAP)

xdc.meta   0    99500000    00000128     COPY SECTION
                  99500000    00000128     all_DSP_pe674.oe674 (xdc.meta)

.EXT_HEAP 
*          0    99500000    00100000     UNINITIALIZED
                  99500000    00100000     all_DSP_pe674.oe674 (.EXT_HEAP)

.text      0    99600000    000be520     
                  99600000    00004b00     libspeex.lib : nb_celp.obj (.text)
                  99604b00    00004600     avdAEC.lib : avd_preprocess.obj (.text)
                  99609100    00003180     libspeex.lib : sb_celp.obj (.text)
                  9960c280    00002ca0     avdAEC.lib : enc_dtx.obj (.text)
                  9960ef20    00002c60     libspeex.lib : filters.obj (.text)
                  99611b80    00002c40     libaac.lib : filtbank.obj (.text)
                  996147c0    00002aa0     avdAEC.lib : enc_lpc.obj (.text)
                  99617260    00002600     libaac.lib : huffman.obj (.text)
                  99619860    000025c0     avdAEC.lib : enc_util.obj (.text)
                  9961be20    00002080     libaac.lib : frame.obj (.text)
                  9961dea0    00001fc0     avdAEC.lib : avdaecgc.obj (.text)
                  9961fe60    00001e80     libspeex.lib : ltp.obj (.text)
                  99621ce0    00001d40     libaac.lib : aacquant.obj (.text)
                  99623a20    00001cc0     avdAEC.lib : avdaeceg.obj (.text)
                  996256e0    00001b00                : avd_kiss_fft.obj (.text)
                  996271e0    000019e0     dman3Cfg.ae674 : dman3_api.oe674 (.text:createChannels)
                  99628bc0    000019e0     libspeex.lib : cb_search.obj (.text)
                  9962a5a0    00001700     dman3Cfg.ae674 : dman3_api.oe674 (.text:DMAN3_grantDmaChannels:DMAN3_grantDmaChannels)
                  9962bca0    00001700     libaac.lib : bitstream.obj (.text)
                  9962d3a0    00001600     dman3Cfg.ae674 : dman3_initImpl.oe674 (.text:DMAN3_init:_DMAN3_initImpl)
                  9962e9a0    00001480     avdAEC.lib : avdaecsproc.obj (.text)
                  9962fe20    00001340     libaac.lib : backpred.obj (.text)
                  99631160    000012a0     dskt2.ae674 : dskt2crea.oe674 (.text:DSKT2_createAlg3)
                  99632400    00001280     libaac.lib : tns.obj (.text)
                  99633680    00001220     libspeex.lib : quant_lsp.obj (.text)
                  996348a0    000011a0     dskt2.ae674 : dskt2_scratch.oe674 (.text:_DSKT2_assignInstanceMemory)
                  99635a40    000011a0     ipc.lib : Ipc.obj (.text:ti_sdo_ipc_GateMP_Instance_init__F)
                  99636be0    000010e0     ce.ae674 : Engine.oe674 (.text:Engine_initFromServer)
                  99637cc0    00001040     libaac.lib : ltp.obj (.text)
                  99638d00    00000fc0     acpy3.ae674 : acpy3_configure.oe674 (.text:ACPY3_configure:ACPY3_configure)
                  99639cc0    00000f40     libaac.lib : psychkni.obj (.text)
                  9963ac00    00000f20     libspeex.lib : lsp.obj (.text)
                  9963bb20    00000ce0     rman.ae674 : rman.oe674 (.text:RMAN_assignResources)
                  9963c800    00000c60     ce.ae674 : visa.oe674 (.text:VISA_create2)
                  9963d460    00000c40     avdAEC.lib : avd_filterbank.obj (.text)
                  9963e0a0    00000b60     ipc.lib : Ipc.obj (.text:Ipc_attach)
                  9963ec00    00000aa0             : Ipc.obj (.text:ti_sdo_ipc_heaps_HeapMemMP_alloc__E)
                  9963f6a0    00000a60     avdAEC.lib : avdaecpsu.obj (.text)
                  99640100    00000a40     rman.ae674 : rman.oe674 (.text:RMAN_register)
                  99640b40    00000a40     avdAEC.lib : avdrfft.obj (.text)
                  99641580    00000a20     dman3Cfg.ae674 : dman3_api.oe674 (.text:createContext)
                  99641fa0    00000a20     loggers.ae674 : LoggerSysTID.oe674 (.text)
                  996429c0    000009e0     dskt2.ae674 : dskt2_scratch.oe674 (.text:_DSKT2_initializeAndUseSharedScratch)
                  996433a0    000009e0     ipc.lib : Ipc.obj (.text:ti_sdo_ipc_heaps_HeapMemMP_free__E)
                  99643d80    000009a0     avdAEC.lib : avd_kiss_fftr.obj (.text)
                  99644720    000009a0     libspeex.lib : bits.obj (.text)
                  996450c0    000009a0     ti.targets.rts6000.ae674 : System.oe674 (.text:xdc_runtime_System_doPrint__I)
                  99645a60    00000960     acpy3.ae674 : acpy3.oe674 (.text:ACPY3_initEnv)
                  996463c0    00000940     ce.ae674 : Engine.oe674 (.text:Engine_createNode2)
                  99646d00    00000940     avdAEC.lib : avd_fftwrap.obj (.text)
                  99647640    00000920     ipc.lib : Ipc.obj (.text:Ipc_detach)
                  99647f60    00000920     rman.ae674 : rman.oe674 (.text:RMAN_freeResources)
                  99648880    00000920     ipc.lib : Ipc.obj (.text:ti_sdo_ipc_transports_TransportShm_Instance_init__F)
                  996491a0    00000900     rman.ae674 : rman.oe674 (.text:RMAN_init)
                  99649aa0    000008e0     acpy3.ae674 : acpy3_qdma.oe674 (.text:ACPY3_activate:ACPY3_activate)
                  9964a380    000008c0     ipc.lib : Ipc.obj (.text:ti_sdo_ipc_ListMP_Instance_init__F)
                  9964ac40    00000880             : Ipc.obj (.text:ti_sdo_ipc_GateMP_Instance_finalize__F)
                  9964b4c0    00000840             : Ipc.obj (.text:MessageQ_put)
                  9964bd00    00000840     ce.ae674 : Engine.oe674 (.text:rmsInit)
                  9964c540    00000820     acpy3.ae674 : acpy3.oe674 (.text:_ACPY3_init)
                  9964cd60    00000820     libaac.lib : fft.obj (.text)
                  9964d580    000007e0     ipc.lib : Ipc.obj (.text:ti_sdo_ipc_heaps_HeapBufMP_Instance_init__F)
                  9964dd60    000007e0             : Ipc.obj (.text:ti_sdo_ipc_heaps_HeapBufMP_postInit__I)
                  9964e540    00000780     sysbios.lib : BIOS.obj (.text:ti_sysbios_family_c64p_Exception_handler__I)
                  9964ecc0    00000760     ipc.lib : Ipc.obj (.text:ti_sdo_ipc_heaps_HeapMemMP_Instance_init__F)
                  9964f420    00000740     ipc_bios.ae674 : Processor_noOS.oe674 (.text:procCreate)
                  9964fb60    00000720     dman3Cfg.ae674 : dman3_api.oe674 (.text:DMAN3_freeChannels:DMAN3_freeChannels)
                  99650280    00000720     rts6740_elf.lib : pow.obj (.text:pow)
                  996509a0    000006e0     ipc.lib : Ipc.obj (.text:Notify_sendEvent)
                  99651080    000006a0             : Ipc.obj (.text:NameServer_add)
                  99651720    000006a0     universal.ae674 : universal_skel.oe674 (.text:call)
                  99651dc0    000006a0     ipc.lib : Ipc.obj (.text:ti_sdo_ipc_nsremote_NameServerRemoteNotify_Instance_init__F)
                  99652460    00000660     dman3Cfg.ae674 : dman3_api.oe674 (.text:DMAN3_releaseDmaChannels:DMAN3_releaseDmaChannels)
                  99652ac0    00000660     ce.ae674 : Engine.oe674 (.text:addEngineToList)
                  99653120    00000660     sysbios.lib : BIOS.obj (.text:ti_sysbios_heaps_HeapMem_free__E)
                  99653780    00000640     acpy3.ae674 : acpy3_start.oe674 (.text:ACPY3_start:ACPY3_start)
                  99653dc0    00000640     avdAEC.lib : avdaecinit.obj (.text)
                  99654400    00000620     ce.ae674 : Engine.oe674 (.text:Engine_removeAlg)
                  99654a20    00000620     dman3Cfg.ae674 : rmm.oe674 (.text:freeBlock)
                  99655040    00000620     sysbios.lib : BIOS.obj (.text:ti_sysbios_heaps_HeapMem_alloc__E)
                  99655660    00000600     ipc.lib : Ipc.obj (.text:ti_sdo_ipc_SharedRegion_start__F)
                  99655c60    000005e0             : Ipc.obj (.text:Notify_registerEventSingle)
                  99656240    000005e0             : Ipc.obj (.text:Notify_unregisterEventSingle)
                  99656820    000005e0     dman3Cfg.ae674 : dman3_api.oe674 (.text:getContext)
                  99656e00    000005e0     libaac.lib : midside.obj (.text)
                  996573e0    000005c0     ipc.lib : Ipc.obj (.text:ListMP_getHead)
                  996579a0    000005c0     rts6740_elf.lib : _printfi.obj (.text:_getarg_diouxp)
                  99657f60    000005c0     dman3Cfg.ae674 : dman3_api.oe674 (.text:freeContext)
                  99658520    000005a0     rts6740_elf.lib : divd.obj (.text:__c6xabi_divd)
                  99658ac0    000005a0     dman3Cfg.ae674 : dman3_api.oe674 (.text:initHandle)
                  99659060    00000580     ipc.lib : Ipc.obj (.text:ti_sdo_ipc_transports_TransportShm_put__E)
                  996595e0    00000560     ce.ae674 : Engine.oe674 (.text:Engine_fwriteTrace)
                  99659b40    00000560     ipc.lib : Ipc.obj (.text:MessageQ_free)
                  9965a0a0    00000560             : Ipc.obj (.text:NameServer_get)
                  9965a600    00000560     avdAEC.lib : avdresample.obj (.text)
                  9965ab60    00000560     dman3Cfg.ae674 : dman3_api.oe674 (.text:checkDMAN3Configuration)
                  9965b0c0    00000540     dskt2.ae674 : dskt2_scratch.oe674 (.text:DSKT2_allocScratch)
                  9965b600    00000540     ce.ae674 : Engine.oe674 (.text:Engine_init)
                  9965bb40    00000540     dman3Cfg.ae674 : rmm.oe674 (.text:RMM_create)
                  9965c080    00000540     ipc.lib : Ipc.obj (.text:ti_sdo_ipc_Ipc_procSyncStart__I)
                  9965c5c0    00000540             : Ipc.obj (.text:ti_sdo_ipc_nsremote_NameServerRemoteNotify_get__F)
                  9965cb00    00000520     dskt2.ae674 : dskt2free.oe674 (.text:DSKT2_freeAlg)
                  9965d020    00000520     sysbios.lib : BIOS.obj (.text:ti_sysbios_utils_Load_update__E)
                  9965d540    00000500     Algorithm_BIOS.ae674 : Algorithm_BIOS.oe674 (.text:Algorithm_create)
                  9965da40    00000500     viddec2back.ae674 : viddec2back_skel.oe674 (.text:call)
                  9965df40    00000500     ipc.lib : Ipc.obj (.text:ti_sdo_ipc_notifyDrivers_NotifyDriverShm_Instance_init__F)
                  9965e440    00000500     sysbios.lib : BIOS.obj (.text:ti_sysbios_knl_Task_Instance_finalize__F)
                  9965e940    000004e0     dskt2.ae674 : dskt2actv.oe674 (.text:DSKT2_activateAlg)
                  9965ee20    000004e0                 : dskt2_scratch.oe674 (.text:_DSKT2_init)
                  9965f300    000004e0     vidanalytics.ae674 : vidanalytics_skel.oe674 (.text:call)
                  9965f7e0    000004c0     XdmUtils.ae674 : XdmUtils.oe674 (.text:XdmUtils_validateVideo1BufDesc)
                  9965fca0    000004c0                    : XdmUtils.oe674 (.text:XdmUtils_validateVideo1BufDescIn)
                  99660160    000004c0     viddec1.ae674 : viddec1_skel.oe674 (.text:call)
                  99660620    000004c0     viddec2.ae674 : viddec2_skel.oe674 (.text:call)
                  99660ae0    000004a0     dskt2.ae674 : dskt2_yield.oe674 (.text:DSKT2_contextRelease)
                  99660f80    000004a0     ce.ae674 : Engine.oe674 (.text:Engine_open)
                  99661420    000004a0     ipc.lib : Ipc.obj (.text:HeapBufMP_sharedMemReq)
                  996618c0    000004a0     rman.ae674 : rman.oe674 (.text:RMAN_exit)
                  99661d60    000004a0     vidanalytics.ae674 : vidanalytics.oe674 (.text:VIDANALYTICS_control)
                  99662200    000004a0     viddec3.ae674 : viddec3.oe674 (.text:VIDDEC3_control)
                  996626a0    000004a0     XdmUtils.ae674 : XdmUtils.oe674 (.text:XdmUtils_validateVideoBufDesc)
                  99662b40    000004a0     ipc.lib : Ipc.obj (.text:ti_sdo_ipc_gates_GatePeterson_Instance_init__F)
                  99662fe0    00000480     audenc1.ae674 : audenc1.oe674 (.text:AUDENC1_control)
                  99663460    00000480     dskt2.ae674 : dskt2_yield.oe674 (.text:DSKT2_contextAcquire)
                  996638e0    00000480     imgenc1.ae674 : imgenc1.oe674 (.text:IMGENC1_control)
                  99663d60    00000480     sphenc1.ae674 : sphenc1.oe674 (.text:SPHENC1_control)
                  996641e0    00000480     viddec1.ae674 : viddec1.oe674 (.text:VIDDEC1_control)
                  99664660    00000480                   : viddec1.oe674 (.text:VIDDEC1_process)
                  99664ae0    00000480     viddec2.ae674 : viddec2.oe674 (.text:VIDDEC2_control)
                  99664f60    00000480     videnc1.ae674 : videnc1.oe674 (.text:VIDENC1_control)
                  996653e0    00000480     videnc2.ae674 : videnc2.oe674 (.text:VIDENC2_control)
                  99665860    00000480     vidtranscode.ae674 : vidtranscode.oe674 (.text:VIDTRANSCODE_control)
                  99665ce0    00000480     rts6740_elf.lib : _printfi.obj (.text:_setfield)
                  99666160    00000480                     : fwrite.obj (.text:fwrite)
                  996665e0    00000480     ipc.lib : Ipc.obj (.text:ti_sdo_ipc_GateMP_setRegion0Reserved__F)
                  99666a60    00000480             : Ipc.obj (.text:ti_sdo_ipc_nsremote_NameServerRemoteNotify_swiFxn__I)
                  99666ee0    00000480     sysbios.lib : BIOS.obj (.text:ti_sysbios_knl_Task_Module_startup__F)
                  99667360    00000480                 : BIOS.obj (.text:ti_sysbios_utils_Load_logLoads__I)
                  996677e0    00000480     all_DSP_pe674.oe674 (.text:xdc_runtime_System_printfExtend__I)
                  99667c60    00000460     auddec1.ae674 : auddec1.oe674 (.text:AUDDEC1_control)
                  996680c0    00000460     imgdec1.ae674 : imgdec1.oe674 (.text:IMGDEC1_control)
                  99668520    00000460     ipc.lib : Ipc.obj (.text:ListMP_putTail)
                  99668980    00000460     sphdec1.ae674 : sphdec1.oe674 (.text:SPHDEC1_control)
                  99668de0    00000460     universal.ae674 : universal.oe674 (.text:UNIVERSAL_control)
                  99669240    00000460     viddec3.ae674 : viddec3.oe674 (.text:VIDDEC3_process)
                  996696a0    00000460     rts6740_elf.lib : _printfi.obj (.text:_printfi)
                  99669b00    00000460     ipc.lib : Ipc.obj (.text:ti_sdo_ipc_Ipc_procSyncFinish__I)
                  99669f60    00000440     acpy3.ae674 : acpy3_qdma.oe674 (.text:ACPY3_deactivate:ACPY3_deactivate)
                  9966a3a0    00000440     viddec2.ae674 : viddec2.oe674 (.text:VIDDEC2_process)
                  9966a7e0    00000440     ce.ae674 : Engine.oe674 (.text:rserverOpen)
                  9966ac20    00000440     ipc.lib : Ipc.obj (.text:ti_sdo_ipc_MessageQ_Instance_init__F)
                  9966b060    00000440             : Ipc.obj (.text:ti_sdo_ipc_heaps_HeapMemMP_getStats__E)
                  9966b4a0    00000420     acpy3.ae674 : acpy3_wait.oe674 (.text:ACPY3_wait:ACPY3_wait)
                  9966b8c0    00000420     dman3Cfg.ae674 : dman3_initImpl.oe674 (.text:checkDMAN3SocConfiguration)
                  9966bce0    00000420     ipc.lib : Ipc.obj (.text:ti_sdo_ipc_heaps_HeapMemMP_postInit__I)
                  9966c100    00000400     cesettings.ae674 : CESettings.oe674 (.text:CESettings_getDiags)
                  9966c500    00000400     fcsettings.ae674 : FCSettings.oe674 (.text:FCSettings_getDiags)
                  9966c900    00000400     viddec3.ae674 : viddec3_skel.oe674 (.text:call)
                  9966cd00    00000400     ipc.lib : Ipc.obj (.text:ti_sdo_ipc_Notify_Instance_init__F)
                  9966d100    00000400     sysbios.lib : BIOS.obj (.text:ti_sysbios_knl_Semaphore_pend__E)
                  9966d500    000003e0     acpy3.ae674 : acpy3.oe674 (.text:ACPY3_deInitEnv)
                  9966d8e0    000003e0     audio.ae674 : audenc.oe674 (.text:AUDENC_control)
                  9966dcc0    000003e0     image.ae674 : imgenc.oe674 (.text:IMGENC_control)
                  9966e0a0    000003e0     speech.ae674 : sphenc.oe674 (.text:SPHENC_control)
                  9966e480    000003e0     videnc1.ae674 : videnc1.oe674 (.text:VIDENC1_process)
                  9966e860    000003e0     videnc2.ae674 : videnc2.oe674 (.text:VIDENC2_process)
                  9966ec40    000003e0     video.ae674 : videnc.oe674 (.text:VIDENC_control)
                  9966f020    000003e0     osal.ae674 : Memory_BIOS.oe674 (.text:ti_sdo_ce_osal_Memory_init)
                  9966f400    000003e0     sysbios.lib : BIOS.obj (.text:ti_sysbios_knl_Task_Instance_init__F)
                  9966f7e0    000003c0     audio.ae674 : auddec.oe674 (.text:AUDDEC_control)
                  9966fba0    000003c0     dskt2.ae674 : dskt2dact.oe674 (.text:DSKT2_deactivateAlg)
                  9966ff60    000003c0     ce.ae674 : Engine.oe674 (.text:Engine_getNumServerAlgs)
                  99670320    000003c0     image.ae674 : imgdec.oe674 (.text:IMGDEC_control)
                  996706e0    000003c0     speech.ae674 : sphdec.oe674 (.text:SPHDEC_control)
                  99670aa0    000003c0     video.ae674 : viddec.oe674 (.text:VIDDEC_control)
                  99670e60    000003c0     ipc.lib : Ipc.obj (.text:ti_sdo_ipc_SharedRegion_reserveMemory__F)
                  99671220    000003c0     sysbios.lib : BIOS.obj (.text:ti_sysbios_knl_Task_setPri__E)
                  996715e0    000003a0     ce.ae674 : visa.oe674 (.text:VISA_delete)
                  99671980    000003a0     dskt2.ae674 : dskt2_scratch.oe674 (.text:_DSKT2_enqueueMemTab)
                  99671d20    000003a0     sphenc1_copy.ae674 : sphenc1_copy.oe674 (.text:algControl:SPHENC1COPY_TI_control)
                  996720c0    000003a0     dman3Cfg.ae674 : dman3_initImpl.oe674 (.text:initQdmaConfiguration)
                  99672460    00000380     ipc.lib : Ipc.obj (.text:HeapMemMP_sharedMemReq)
                  996727e0    00000380             : Ipc.obj (.text:MessageQ_alloc)
                  99672b60    00000380     videnc_copy_dma.ae674 : videnc_copy.oe674 (.text:VIDENCCOPY_TI_process)
                  99672ee0    00000380     dskt2.ae674 : dskt2_scratch.oe674 (.text:_DSKT2_dequeueMemTab)
                  99673260    00000380     imgdec1.ae674 : imgdec1_skel.oe674 (.text:call)
                  996735e0    00000380     imgenc1.ae674 : imgenc1_skel.oe674 (.text:call)
                  99673960    00000380     videnc1.ae674 : videnc1_skel.oe674 (.text:call)
                  99673ce0    00000380     videnc2.ae674 : videnc2_skel.oe674 (.text:call)
                  99674060    00000380     libspeex.lib : vq.obj (.text)
                  996743e0    00000380     ipc_bios.ae674 : Processor_noOS.oe674 (.text:procDelete)
                  99674760    00000380     ce.ae674 : rms.oe674 (.text:redefineHeap)
                  99674ae0    00000380     dman3Cfg.ae674 : dman3_initImpl.oe674 (.text:shmAlloc)
                  99674e60    00000380     sysbios.lib : BIOS.obj (.text:ti_sysbios_timers_dmtimer_Timer_checkFreq__I)
                  996751e0    00000380     ti.targets.rts6000.ae674 : Diags.oe674 (.text:xdc_runtime_Diags_setMask__F)
                  99675560    00000360     audenc1.ae674 : audenc1.oe674 (.text:AUDENC1_process)
                  996758c0    00000360     universal.ae674 : universal.oe674 (.text:UNIVERSAL_process)
                  99675c20    00000360     vidanalytics.ae674 : vidanalytics.oe674 (.text:VIDANALYTICS_process)
                  99675f80    00000360     viddec2back.ae674 : viddec2back.oe674 (.text:VIDDEC2BACK_control)
                  996762e0    00000360     viddec3_copy.ae674 : viddec3_copy.oe674 (.text:algControl:VIDDEC3COPY_TI_control)
                  99676640    00000360     videnc2_copy.ae674 : videnc2_copy.oe674 (.text:algControl:VIDENC2COPY_TI_control)
                  996769a0    00000360     avdAEC.lib : avdaecmproc.obj (.text)
                  99676d00    00000360     audenc1.ae674 : audenc1_skel.oe674 (.text:call)
                  99677060    00000360     ce.ae674 : rms.oe674 (.text:createNode)
                  996773c0    00000360              : rms.oe674 (.text:getAlg)
                  99677720    00000360     ipc.lib : Ipc.obj (.text:ti_sdo_ipc_family_ti81xx_InterruptDsp_intRegister__E)
                  99677a80    00000340     auddec1.ae674 : auddec1.oe674 (.text:AUDDEC1_process)
                  99677dc0    00000340     dskt2.ae674 : dskt2dact.oe674 (.text:DSKT2_deactivateAll)
                  99678100    00000340     ce.ae674 : Engine.oe674 (.text:Engine_setTrace)
                  99678440    00000340     ipc.lib : Ipc.obj (.text:GateMP_sharedMemReq)
                  99678780    00000340     imgdec1.ae674 : imgdec1.oe674 (.text:IMGDEC1_process)
                  99678ac0    00000340     imgenc1.ae674 : imgenc1.oe674 (.text:IMGENC1_process)
                  99678e00    00000340     video.ae674 : viddec.oe674 (.text:VIDDEC_process)
                  99679140    00000340     vidtranscode.ae674 : vidtranscode.oe674 (.text:VIDTRANSCODE_process)
                  99679480    00000340     dskt2.ae674 : dskt2_scratch.oe674 (.text:_DSKT2_isSharedScratchAddr)
                  996797c0    00000340     auddec1.ae674 : auddec1_skel.oe674 (.text:call)
                  99679b00    00000340     libspeex.lib : lpc.obj (.text)
                  99679e40    00000320     audio.ae674 : auddec.oe674 (.text:AUDDEC_process)
                  9967a160    00000320                 : audenc.oe674 (.text:AUDENC_process)
                  9967a480    00000320     image.ae674 : imgdec.oe674 (.text:IMGDEC_process)
                  9967a7a0    00000320                 : imgenc.oe674 (.text:IMGENC_process)
                  9967aac0    00000320     node.ae674 : node_exec.oe674 (.text:NODE_EXECFXN)
                  9967ade0    00000320     speech.ae674 : sphdec.oe674 (.text:SPHDEC_process)
                  9967b100    00000320                  : sphenc.oe674 (.text:SPHENC_process)
                  9967b420    00000320     video.ae674 : videnc.oe674 (.text:VIDENC_process)
                  9967b740    00000320     dskt2.ae674 : dskt2_scratch.oe674 (.text:_DSKT2_allocateInInternal)
                  9967ba60    00000320     avdAEC.lib : avdaecfrash.obj (.text)
                  9967bd80    00000320                : avdaecvad.obj (.text)
                  9967c0a0    00000320     vidtranscode.ae674 : vidtranscode_skel.oe674 (.text:call)
                  9967c3c0    00000320     ce.ae674 : rms.oe674 (.text:processRmsCmd)
                  9967c6e0    00000320              : Engine.oe674 (.text:rserverDetach)
                  9967ca00    00000300     dskt2.ae674 : dskt2_scratch.oe674 (.text:DSKT2_allocPersistent)
                  9967cd00    00000300     ipc.lib : Ipc.obj (.text:GateMP_openByAddr)
                  9967d000    00000300     node.ae674 : node_dele.oe674 (.text:NODE_delete)
                  9967d300    00000300     ipc_bios.ae674 : Processor_noOS.oe674 (.text:Processor_create)
                  9967d600    00000300     XdmUtils.ae674 : XdmUtils.oe674 (.text:XdmUtils_validateSparseBufDesc1)
                  9967d900    00000300                    : XdmUtils.oe674 (.text:XdmUtils_validateSparseBufDesc2)
                  9967dc00    00000300     dskt2.ae674 : dskt2_scratch.oe674 (.text:_DSKT2_decrScratchReferenceCount)
                  9967df00    00000300     audenc1_copy.ae674 : audenc1_copy.oe674 (.text:algControl:AUDENC1COPY_TI_control)
                  9967e200    00000300     viddec3_copy.ae674 : viddec3_copy.oe674 (.text:algProcess:VIDDEC3COPY_TI_process)
                  9967e500    00000300     ce.ae674 : Engine.oe674 (.text:cleanup)
                  9967e800    00000300     sysbios.lib : BIOS.obj (.text:deviceConfig$46)
                  9967eb00    00000300     rts6740_elf.lib : fputs.obj (.text:fputs)
                  9967ee00    00000300     ipc.lib : Ipc.obj (.text:ti_sdo_ipc_gates_GateHWSpinlock_Instance_init__F)
                  9967f100    00000300             : Ipc.obj (.text:ti_sdo_ipc_nsremote_NameServerRemoteNotify_attach__E)
                  9967f400    00000300             : Ipc.obj (.text:ti_sdo_ipc_transports_TransportShm_openByAddr__F)
                  9967f700    00000300     sysbios.lib : BIOS.obj (.text:ti_sysbios_family_c64p_Hwi_dispatchC__I)
                  9967fa00    000002e0     Algorithm_BIOS.ae674 : Algorithm_BIOS.oe674 (.text:Algorithm_delete)
                  9967fce0    000002e0     dskt2.ae674 : dskt2_scratch.oe674 (.text:DSKT2_freePersistent)
                  9967ffc0    000002e0                 : dskt2_scratch.oe674 (.text:DSKT2_getMemRecs)
                  996802a0    000002e0     sphdec1.ae674 : sphdec1.oe674 (.text:SPHDEC1_process)
                  99680580    000002e0     sphenc1.ae674 : sphenc1.oe674 (.text:SPHENC1_process)
                  99680860    000002e0     ipc.lib : Ipc.obj (.text:SharedRegion_getEntry)
                  99680b40    000002e0             : Ipc.obj (.text:SharedRegion_getPtr)
                  99680e20    000002e0     XdmUtils.ae674 : XdmUtils.oe674 (.text:XdmUtils_validateSparseBufDesc)
                  99681100    000002e0     dskt2.ae674 : dskt2_scratch.oe674 (.text:_DSKT2_allocateFromSharedScratch)
                  996813e0    000002e0                 : dskt2_scratch.oe674 (.text:_DSKT2_getScratchRequestInfo)
                  996816c0    000002e0     rts6740_elf.lib : _printfi.obj (.text:_pproc_fwp)
                  996819a0    000002e0     viddec1_copy.ae674 : viddec1_copy.oe674 (.text:algProcess:VIDDEC1COPY_TI_process)
                  99681c80    000002e0     viddec2_copy.ae674 : viddec2_copy.oe674 (.text:algProcess:VIDDEC2COPY_TI_process)
                  99681f60    000002e0     rts6740_elf.lib : cos.obj (.text:cos)
                  99682240    000002e0     dman3Cfg.ae674 : dman3_api.oe674 (.text:freeScratch)
                  99682520    000002e0     ipc.lib : Ipc.obj (.text:ti_sdo_ipc_heaps_HeapBufMP_free__E)
                  99682800    000002e0     sysbios.lib : BIOS.obj (.text:ti_sysbios_gates_GateMutexPri_enter__E)
                  99682ae0    000002c0     all_DSP_pe674.oe674 (.text:CERuntime_init)
                  99682da0    000002c0     imgenc_copy.ae674 : imgenc_copy.oe674 (.text:IMGENCCOPY_TI_process)
                  99683060    000002c0     ipc.lib : Ipc.obj (.text:Ipc_writeConfig)
                  99683320    000002c0             : Ipc.obj (.text:MessageQ_open)
                  996835e0    000002c0     sphenc_copy.ae674 : sphenc_copy.oe674 (.text:SPHENCCOPY_TI_process)
                  996838a0    000002c0     viddec_copy.ae674 : viddec_copy.oe674 (.text:VIDDECCOPY_TI_process)
                  99683b60    000002c0     XdmUtils.ae674 : XdmUtils.oe674 (.text:XdmUtils_validateExtendedStruct)
                  99683e20    000002c0     dskt2.ae674 : dskt2_scratch.oe674 (.text:_DSKT2_getScratchUsed)
                  996840e0    000002c0     rts6740_elf.lib : _printfi.obj (.text:_pproc_fge)
                  996843a0    000002c0     video.ae674 : viddec_skel.oe674 (.text:call)
                  99684660    000002c0                 : videnc_skel.oe674 (.text:call)
                  99684920    000002c0     ce.ae674 : Engine.oe674 (.text:getServerKey)
                  99684be0    000002c0     ipc.lib : Ipc.obj (.text:ti_sdo_ipc_notifyDrivers_NotifyDriverShm_isr__I)
                  99684ea0    000002a0     dskt2.ae674 : dskt2_yield.oe674 (.text:DSKT2_yield)
                  99685140    000002a0     ipc.lib : Ipc.obj (.text:Ipc_start)
                  996853e0    000002a0             : Ipc.obj (.text:MessageQ_staticMsgInit)
                  99685680    000002a0             : Ipc.obj (.text:NameServer_getLocal)
                  99685920    000002a0     rman.ae674 : rman.oe674 (.text:RMAN_activateAllResources)
                  99685bc0    000002a0                : rman.oe674 (.text:RMAN_deactivateAllResources)
                  99685e60    000002a0     sphdec_copy.ae674 : sphdec_copy.oe674 (.text:SPHDECCOPY_TI_process)
                  99686100    000002a0     universal.ae674 : universal.oe674 (.text:UNIVERSAL_create)
                  996863a0    000002a0     vidanalytics.ae674 : vidanalytics.oe674 (.text:VIDANALYTICS_create)
                  99686640    000002a0     rts6740_elf.lib : _printfi.obj (.text:ecvt)
                  996868e0    000002a0                     : _printfi.obj (.text:fcvt)
                  99686b80    000002a0     ce.ae674 : Engine.oe674 (.text:freeServerTab)
                  99686e20    000002a0     ipc.lib : Ipc.obj (.text:ti_sdo_ipc_heaps_HeapBufMP_Instance_finalize__F)
                  996870c0    000002a0     sysbios.lib : BIOS.obj (.text:ti_sysbios_knl_Clock_Instance_init__F)
                  99687360    000002a0                 : BIOS.obj (.text:ti_sysbios_knl_Clock_workFunc__E)
                  99687600    000002a0                 : BIOS.obj (.text:ti_sysbios_timers_dmtimer_Timer_setPeriodMicroSecs__E)
                  996878a0    00000280     ce.ae674 : Engine.oe674 (.text:Engine_deleteNode)
                  99687b20    00000280     osal.ae674 : Global_BIOS.oe674 (.text:Global_init)
                  99687da0    00000280     ce.ae674 : rms.oe674 (.text:RMS_init)
                  99688020    00000280     scale_debug.ae674 : scale.oe674 (.text:SCALE_create)
                  996882a0    00000280     sphdec1.ae674 : sphdec1.oe674 (.text:SPHDEC1_create)
                  99688520    00000280     sphenc1.ae674 : sphenc1.oe674 (.text:SPHENC1_create)
                  996887a0    00000280     ipc.lib : Ipc.obj (.text:SharedRegion_getSRPtr)
                  99688a20    00000280     rts6740_elf.lib : divf.obj (.text:__c6xabi_divf)
                  99688ca0    00000280     libaac.lib : util.obj (.text)
                  99688f20    00000280     rts6740_elf.lib : sin.obj (.text:sin)
                  996891a0    00000280     sysbios.lib : BIOS.obj (.text:ti_sysbios_family_c64p_Cache_Module_startup__F)
                  99689420    00000280                 : BIOS.obj (.text:ti_sysbios_knl_Task_exit__E)
                  996896a0    00000280     ti.targets.rts6000.ae674 : Core-mem.oe674 (.text:xdc_runtime_Core_createObject__I)
                  99689920    00000280                              : Error.oe674 (.text:xdc_runtime_Error_raiseX__F)
                  99689ba0    00000260     auddec1.ae674 : auddec1.oe674 (.text:AUDDEC1_create)
                  99689e00    00000260     audio.ae674 : auddec.oe674 (.text:AUDDEC_create)
                  9968a060    00000260     audenc1.ae674 : audenc1.oe674 (.text:AUDENC1_create)
                  9968a2c0    00000260     audio.ae674 : audenc.oe674 (.text:AUDENC_create)
                  9968a520    00000260     imgdec1.ae674 : imgdec1.oe674 (.text:IMGDEC1_create)
                  9968a780    00000260     image.ae674 : imgdec.oe674 (.text:IMGDEC_create)
                  9968a9e0    00000260     imgenc1.ae674 : imgenc1.oe674 (.text:IMGENC1_create)
                  9968ac40    00000260     image.ae674 : imgenc.oe674 (.text:IMGENC_create)
                  9968aea0    00000260     ipc.lib : Ipc.obj (.text:ListMP_sharedMemReq)
                  9968b100    00000260     speech.ae674 : sphdec.oe674 (.text:SPHDEC_create)
                  9968b360    00000260                  : sphenc.oe674 (.text:SPHENC_create)
                  9968b5c0    00000260     ce.ae674 : Server.oe674 (.text:Server_init)
                  9968b820    00000260     viddec1.ae674 : viddec1.oe674 (.text:VIDDEC1_create)
                  9968ba80    00000260     viddec2back.ae674 : viddec2back.oe674 (.text:VIDDEC2BACK_create)
                  9968bce0    00000260     viddec2.ae674 : viddec2.oe674 (.text:VIDDEC2_create)
                  9968bf40    00000260     viddec3.ae674 : viddec3.oe674 (.text:VIDDEC3_create)
                  9968c1a0    00000260     video.ae674 : viddec.oe674 (.text:VIDDEC_create)
                  9968c400    00000260     videnc1.ae674 : videnc1.oe674 (.text:VIDENC1_create)
                  9968c660    00000260     videnc2.ae674 : videnc2.oe674 (.text:VIDENC2_create)
                  9968c8c0    00000260     video.ae674 : videnc.oe674 (.text:VIDENC_create)
                  9968cb20    00000260     vidtranscode.ae674 : vidtranscode.oe674 (.text:VIDTRANSCODE_create)
                  9968cd80    00000260     dskt2.ae674 : dskt2_scratch.oe674 (.text:_DSKT2_allocateInDesignatedSpace)
                  9968cfe0    00000260                 : dskt2free.oe674 (.text:_DSKT2_exit)
                  9968d240    00000260     rts6740_elf.lib : imath64.obj (.text:__c6xabi_divull)
                  9968d4a0    00000260                     : _printfi.obj (.text:_pconv_e)
                  9968d700    00000260     dman3Cfg.ae674 : dman3_api.oe674 (.text:freeChannels)
                  9968d960    00000260     osal.ae674 : Memory_BIOS.oe674 (.text:ti_sdo_ce_osal_Memory_redefine)
                  9968dbc0    00000260     ipc.lib : Ipc.obj (.text:ti_sdo_ipc_ListMP_Instance_finalize__F)
                  9968de20    00000260             : Ipc.obj (.text:ti_sdo_ipc_heaps_HeapMemMP_Instance_finalize__F)
                  9968e080    00000260             : Ipc.obj (.text:ti_sdo_ipc_notifyDrivers_NotifyDriverShm_disableEvent__E)
                  9968e2e0    00000260             : Ipc.obj (.text:ti_sdo_ipc_notifyDrivers_NotifyDriverShm_sharedMemReq__F)
                  9968e540    00000260             : Ipc.obj (.text:ti_sdo_ipc_transports_TransportShmSetup_attach__E)
                  9968e7a0    00000260     viddec3.ae674 : viddec3_skel.oe674 (.text:writebackVideo2BufDesc)
                  9968ea00    00000260     ti.targets.rts6000.ae674 : Startup.oe674 (.text:xdc_runtime_Startup_startMods__I)
                  9968ec60    00000240     acpy3.ae674 : acpy3_init.oe674 (.text:ACPY3_init:ACPY3_init)
                  9968eea0    00000240     nullres.ae674 : iresman_nullres.oe674 (.text:IRESMAN_NULLRES_getHandles)
                  9968f0e0    00000240     node.ae674 : node_crea.oe674 (.text:NODE_create)
                  9968f320    00000240     dman3Cfg.ae674 : rmm.oe674 (.text:RMM_alloc)
                  9968f560    00000240     dskt2.ae674 : dskt2_scratch.oe674 (.text:_DSKT2_getReqScratchSize)
                  9968f7a0    00000240                 : dskt2_scratch.oe674 (.text:_DSKT2_incrScratchReferenceCount)
                  9968f9e0    00000240     rts6740_elf.lib : _printfi.obj (.text:_pproc_diouxp)
                  9968fc20    00000240     sphdec1_copy.ae674 : sphdec1_copy.oe674 (.text:algControl:SPHDEC1COPY_TI_control)
                  9968fe60    00000240     vidanalytics_copy.ae674 : vidanalytics_copy.oe674 (.text:algControl:VIDANALYTICSCOPY_TI_control)
                  996900a0    00000240     viddec2split_copy.ae674 : viddec2back_copy.oe674 (.text:algProcess:VIDDEC2BACKCOPY_TI_process)
                  996902e0    00000240     vidtranscode_copy.ae674 : vidtranscode_copy.oe674 (.text:algProcess:VIDTRANSCODECOPY_TI_process)
                  99690520    00000240     image.ae674 : imgdec_skel.oe674 (.text:call)
                  99690760    00000240                 : imgenc_skel.oe674 (.text:call)
                  996909a0    00000240     dman3Cfg.ae674 : dman3_initImpl.oe674 (.text:getNumAssignedTccs)
                  99690be0    00000240     libspeex.lib : speex_callbacks.obj (.text)
                  99690e20    00000240     speexenc.ae674 : SpeexCod.oe674 (.text:spx_codec_open)
                  99691060    00000240     ipc.lib : Ipc.obj (.text:ti_sdo_ipc_MessageQ_Instance_finalize__F)
                  996912a0    00000240     sysbios.lib : BIOS.obj (.text:ti_sysbios_family_c64p_Exception_internalHandler__I)
                  996914e0    00000240                 : BIOS.obj (.text:ti_sysbios_utils_Load_taskDeleteHook__E)
                  99691720    00000240                 : BIOS.obj (.text:ti_sysbios_xdcruntime_ThreadSupport_Instance_init__F)
                  99691960    00000220     acpy3.ae674 : acpy3.oe674 (.text:ACPY3_getEnvMem)
                  99691b80    00000220     dskt2.ae674 : dskt2_scratch.oe674 (.text:DSKT2_freeScratch)
                  99691da0    00000220     ipc.lib : Ipc.obj (.text:MessageQ_get)
                  99691fc0    00000220             : Ipc.obj (.text:MultiProc_getId)
                  996921e0    00000220     sphenc_copy.ae674 : sphenc_copy.oe674 (.text:SPHENCCOPY_TI_control)
                  99692400    00000220     dskt2.ae674 : dskt2_scratch.oe674 (.text:_DSKT2_exitScratch)
                  99692620    00000220     rts6740_elf.lib : _printfi.obj (.text:_pproc_str)
                  99692840    00000220     speexenc.ae674 : SpeexCod.oe674 (.text:aac_encode)
                  99692a60    00000220     rman.ae674 : rman.oe674 (.text:addVTableEntry)
                  99692c80    00000220     auddec1copy.ae674 : auddec1copy.oe674 (.text:algControl:AUDDEC1COPY_TI_control)
                  99692ea0    00000220     ipc.lib : Ipc.obj (.text:ti_sdo_ipc_GateMP_start__F)
                  996930c0    00000220             : Ipc.obj (.text:ti_sdo_ipc_transports_TransportShm_Instance_finalize__F)
                  996932e0    00000220     sysbios.lib : BIOS.obj (.text:ti_sysbios_knl_Swi_run__I)
                  99693500    00000220                 : BIOS.obj (.text:ti_sysbios_knl_Task_schedule__I)
                  99693720    00000220                 : BIOS.obj (.text:ti_sysbios_knl_Task_startup__E)
                  99693940    00000200     dman3Cfg.ae674 : dman3_initImpl.oe674 (.text:DMAN3_exit)
                  99693b40    00000200     ipc.lib : Ipc.obj (.text:GateMP_enter)
                  99693d40    00000200             : Ipc.obj (.text:GateMP_leave)
                  99693f40    00000200     imgenc_copy.ae674 : imgenc_copy.oe674 (.text:IMGENCCOPY_TI_control)
                  99694140    00000200     ipc.lib : Ipc.obj (.text:ListMP_openByAddr)
                  99694340    00000200     ipc_bios.ae674 : Processor_noOS.oe674 (.text:Processor_delete)
                  99694540    00000200     scale_debug.ae674 : scale.oe674 (.text:SCALE_process)
                  99694740    00000200     sphdec_copy.ae674 : sphdec_copy.oe674 (.text:SPHDECCOPY_TI_control)
                  99694940    00000200     viddec_copy.ae674 : viddec_copy.oe674 (.text:VIDDECCOPY_TI_control)
                  99694b40    00000200     videnc_copy_dma.ae674 : videnc_copy.oe674 (.text:VIDENCCOPY_TI_control)
                  99694d40    00000200     dskt2.ae674 : dskt2_scratch.oe674 (.text:_DSKT2_freeAllocatedMemory)
                  99694f40    00000200     rts6740_elf.lib : _printfi.obj (.text:_pconv_g)
                  99695140    00000200     sysbios.lib : c64p_Hwi_disp_always.obj (.text:_ti_sysbios_family_c64p_Hwi_dispatchAlways)
                  99695340    00000200     g711.ae674 : g711enc_sun_ialg.oe674 (.text:algControl:G711ENC_SUN_control)
                  99695540    00000200     videnc1_copy.ae674 : videnc1_copy.oe674 (.text:algProcess:VIDENC1COPY_TI_process)
                  99695740    00000200     sysbios.lib : BIOS.obj (.text:block$55)
                  99695940    00000200     ce.ae674 : Engine.oe674 (.text:getAlgDesc)
                  99695b40    00000200     ipc.lib : Ipc.obj (.text:ti_sdo_ipc_notifyDrivers_NotifyDriverShm_sendEvent__E)
                  99695d40    00000200     sysbios.lib : BIOS.obj (.text:ti_sysbios_family_c64p_Hwi_reconfig__E)
                  99695f40    00000200                 : BIOS.obj (.text:ti_sysbios_timers_dmtimer_Timer_startup__E)
                  99696140    000001e0     ce.ae674 : Engine.oe674 (.text:Engine_close)
                  99696320    000001e0     viddec2back.ae674 : viddec2back.oe674 (.text:VIDDEC2BACK_process)
                  99696500    000001e0     speexenc.ae674 : mixer.oe674 (.text:adjust_out_level)
                  996966e0    000001e0     g711.ae674 : g711dec_sun_ialg.oe674 (.text:algControl:G711DEC_SUN_control)
                  996968c0    000001e0     imgdec1_copy.ae674 : imgdec1_copy.oe674 (.text:algControl:IMGDEC1COPY_TI_control)
                  99696aa0    000001e0     viddec1_copy.ae674 : viddec1_copy.oe674 (.text:algControl:VIDDEC1COPY_TI_control)
                  99696c80    000001e0     viddec2_copy.ae674 : viddec2_copy.oe674 (.text:algControl:VIDDEC2COPY_TI_control)
                  99696e60    000001e0     audio.ae674 : auddec_skel.oe674 (.text:call)
                  99697040    000001e0                 : audenc_skel.oe674 (.text:call)
                  99697220    000001e0     speech.ae674 : sphdec_skel.oe674 (.text:call)
                  99697400    000001e0                  : sphenc_skel.oe674 (.text:call)
                  996975e0    000001e0     sphdec1.ae674 : sphdec1_skel.oe674 (.text:call)
                  996977c0    000001e0     sphenc1.ae674 : sphenc1_skel.oe674 (.text:call)
                  996979a0    000001e0     acpy3.ae674 : acpy3.oe674 (.text:initQdmaSettings)
                  99697b80    000001e0     rts6740_elf.lib : log.obj (.text:log)
                  99697d60    000001e0     syscbuf.ae674 : SysCBuf.oe674 (.text:ti_sdo_ce_utils_syscbuf_SysCBuf_get__F)
                  99697f40    000001e0     ipc.lib : Ipc.obj (.text:ti_sdo_ipc_GateMP_attach__F)
                  99698120    000001e0             : Ipc.obj (.text:ti_sdo_ipc_GateMP_getFreeResource__I)
                  99698300    000001e0             : Ipc.obj (.text:ti_sdo_ipc_heaps_HeapBufMP_alloc__E)
                  996984e0    000001e0     sysbios.lib : BIOS.obj (.text:ti_sysbios_knl_Task_postInit__I)
                  996986c0    000001e0                 : BIOS.obj (.text:ti_sysbios_utils_Load_idleFxn__E)
                  996988a0    000001c0     dskt2.ae674 : dskt2crea.oe674 (.text:DSKT2_createAlgExt)
                  99698a60    000001c0                 : dskt2_scratch.oe674 (.text:DSKT2_getNumMemRecs)
                  99698c20    000001c0     imgenc_copy.ae674 : imgenc_copy.oe674 (.text:IMGENCCOPY_TI_alloc)
                  99698de0    000001c0     scale_debug.ae674 : scale.oe674 (.text:SCALE_control)
                  99698fa0    000001c0     sphdec_copy.ae674 : sphdec_copy.oe674 (.text:SPHDECCOPY_TI_alloc)
                  99699160    000001c0     sphenc_copy.ae674 : sphenc_copy.oe674 (.text:SPHENCCOPY_TI_alloc)
                  99699320    000001c0     viddec_copy.ae674 : viddec_copy.oe674 (.text:VIDDECCOPY_TI_alloc)
                  996994e0    000001c0     videnc_copy_dma.ae674 : videnc_copy.oe674 (.text:VIDENCCOPY_TI_alloc)
                  996996a0    000001c0     dskt2.ae674 : dskt2_scratch.oe674 (.text:_DSKT2_freeInstanceMemory)
                  99699860    000001c0                 : dskt2_scratch.oe674 (.text:_DSKT2_usesInternalScratch)
                  99699a20    000001c0     rts6740_elf.lib : _printfi.obj (.text:_mcpy)
                  99699be0    000001c0     videnc2_copy.ae674 : videnc2_copy.oe674 (.text:algProcess:VIDENC2COPY_TI_process)
                  99699da0    000001c0     ce.ae674 : Engine.oe674 (.text:allocNode)
                  99699f60    000001c0     node.ae674 : node_crea.oe674 (.text:callStub)
                  9969a120    000001c0     libaac.lib : channels.obj (.text)
                  9969a2e0    000001c0     libspeex.lib : speex.obj (.text)
                  9969a4a0    000001c0     ipc.lib : Ipc.obj (.text:ti_sdo_ipc_family_ti81xx_InterruptDsp_intUnregister__E)
                  9969a660    000001c0             : Ipc.obj (.text:ti_sdo_ipc_family_ti81xx_NotifySetup_attach__E)
                  9969a820    000001c0             : Ipc.obj (.text:ti_sdo_ipc_notifyDrivers_NotifyDriverShm_registerEvent__E)
                  9969a9e0    000001c0     sysbios.lib : BIOS.obj (.text:ti_sysbios_knl_Task_checkStacks__E)
                  9969aba0    000001a0     dskt2.ae674 : dskt2crea.oe674 (.text:DSKT2_createAlg)
                  9969ad40    000001a0     osal.ae674 : Global_BIOS.oe674 (.text:Global_exit)
                  9969aee0    000001a0     ipc.lib : Ipc.obj (.text:HeapMemMP_openByAddr)
                  9969b080    000001a0     dman3Cfg.ae674 : rmm.oe674 (.text:RMM_free)
                  9969b220    000001a0     ipc.lib : Ipc.obj (.text:SharedRegion_getCacheLineSize)
                  9969b3c0    000001a0             : Ipc.obj (.text:SharedRegion_getHeap)
                  9969b560    000001a0             : Ipc.obj (.text:SharedRegion_isCacheEnabled)
                  9969b700    000001a0     rts6740_elf.lib : imath40.obj (.text:__c6xabi_divul)
                  9969b8a0    000001a0                     : acos.obj (.text:acos)
                  9969ba40    000001a0     vidanalytics_copy.ae674 : vidanalytics_copy.oe674 (.text:algProcess:VIDANALYTICSCOPY_TI_process)
                  9969bbe0    000001a0     ce.ae674 : Engine.oe674 (.text:checkServer)
                  9969bd80    000001a0              : Engine.oe674 (.text:rserverClose)
                  9969bf20    000001a0     speexenc.ae674 : SpeexCod.oe674 (.text:spx_codec_encode)
                  9969c0c0    000001a0     ipc.lib : Ipc.obj (.text:ti_sdo_ipc_GateMP_openRegion0Reserved__F)
                  9969c260    000001a0             : Ipc.obj (.text:ti_sdo_ipc_gates_GateHWSpinlock_enter__E)
                  9969c400    000001a0             : Ipc.obj (.text:ti_sdo_ipc_notifyDrivers_NotifyDriverShm_enableEvent__E)
                  9969c5a0    000001a0     sysbios.lib : BIOS.obj (.text:ti_sysbios_gates_GateMutex_enter__E)
                  9969c740    000001a0                 : BIOS.obj (.text:ti_sysbios_heaps_HeapMem_Instance_init__F)
                  9969c8e0    000001a0                 : BIOS.obj (.text:ti_sysbios_knl_Swi_Instance_init__F)
                  9969ca80    000001a0                 : BIOS.obj (.text:ti_sysbios_xdcruntime_ThreadSupport_runStub__I)
                  9969cc20    000001a0     dman3Cfg.ae674 : dman3_initImpl.oe674 (.text:updateTccAllocationTable)
                  9969cdc0    000001a0     all_DSP_pe674.oe674 (.text:xdc_runtime_Registry_findByNamePattern__E)
                  9969cf60    00000180     Algorithm_BIOS.ae674 : Algorithm_BIOS.oe674 (.text:Algorithm_activate)
                  9969d0e0    00000180                          : Algorithm_BIOS.oe674 (.text:Algorithm_deactivate)
                  9969d260    00000180     rts6740_elf.lib : trgdrv.obj (.text:HOSTrename)
                  9969d3e0    00000180     ipc.lib : Ipc.obj (.text:MultiProc_getName)
                  9969d560    00000180             : Ipc.obj (.text:Notify_intLineRegistered)
                  9969d6e0    00000180     ce.ae674 : rms.oe674 (.text:RMS_exec)
                  9969d860    00000180     imgenc1_copy.ae674 : imgenc1_copy.oe674 (.text:algControl:IMGENC1COPY_TI_control)
                  9969d9e0    00000180     videnc1_copy.ae674 : videnc1_copy.oe674 (.text:algControl:VIDENC1COPY_TI_control)
                  9969db60    00000180     vidtranscode_copy.ae674 : vidtranscode_copy.oe674 (.text:algControl:VIDTRANSCODECOPY_TI_control)
                  9969dce0    00000180     auddec1copy.ae674 : auddec1copy.oe674 (.text:algProcess:AUDDEC1COPY_TI_process)
                  9969de60    00000180     rts6740_elf.lib : asin.obj (.text:asin)
                  9969dfe0    00000180                     : setvbuf.obj (.text:setvbuf)
                  9969e160    00000180     sysbios.lib : c64p_Exception_asm.obj (.text)
                  9969e2e0    00000180     osal.ae674 : Memory_BIOS.oe674 (.text:ti_sdo_ce_osal_Memory_alloc)
                  9969e460    00000180                : Memory_BIOS.oe674 (.text:ti_sdo_ce_osal_Memory_cacheInv)
                  9969e5e0    00000180                : Memory_BIOS.oe674 (.text:ti_sdo_ce_osal_Memory_cacheWb)
                  9969e760    00000180                : Memory_BIOS.oe674 (.text:ti_sdo_ce_osal_Memory_cacheWbInv)
                  9969e8e0    00000180                : Memory_BIOS.oe674 (.text:ti_sdo_ce_osal_Memory_free)
                  9969ea60    00000180     ipc.lib : Ipc.obj (.text:ti_sdo_ipc_MessageQ_registerTransport__F)
                  9969ebe0    00000180             : Ipc.obj (.text:ti_sdo_ipc_Notify_Module_startup__F)
                  9969ed60    00000180             : Ipc.obj (.text:ti_sdo_ipc_SharedRegion_resetInternalFields__F)
                  9969eee0    00000180             : Ipc.obj (.text:ti_sdo_ipc_gates_GatePeterson_enter__E)
                  9969f060    00000180             : Ipc.obj (.text:ti_sdo_ipc_notifyDrivers_NotifyDriverShm_unregisterEvent__E)
                  9969f1e0    00000180             : Ipc.obj (.text:ti_sdo_utils_NameServer_Module_startup__F)
                  9969f360    00000180     sysbios.lib : BIOS.obj (.text:ti_sysbios_knl_Semaphore_post__E)
                  9969f4e0    00000180                 : BIOS.obj (.text:ti_sysbios_knl_Swi_schedule__I)
                  9969f660    00000180                 : BIOS.obj (.text:ti_sysbios_knl_Task_unblockI__E)
                  9969f7e0    00000180                 : BIOS.obj (.text:ti_sysbios_syncs_SyncSem_Instance_init__F)
                  9969f960    00000180     all_DSP_pe674.oe674 (.text:xdc_runtime_Registry_addModule__E)
                  9969fae0    00000180     all_DSP_pe674.oe674 (.text:xdc_runtime_Registry_findById__E)
                  9969fc60    00000180     ti.targets.rts6000.ae674 : Text.oe674 (.text:xdc_runtime_Text_putSite__F)
                  9969fde0    00000160     acpy3.ae674 : acpy3_init.oe674 (.text:ACPY3_exit:ACPY3_exit)
                  9969ff40    00000160     Algorithm_BIOS.ae674 : Algorithm_BIOS.oe674 (.text:Algorithm_addGroup)
                  996a00a0    00000160     ce.ae674 : Engine.oe674 (.text:Engine_getFxns)
                  996a0200    00000160     acpy3.ae674 : acpy3.oe674 (.text:_ACPY3_exit)
                  996a0360    00000160     audenc1_copy.ae674 : audenc1_copy.oe674 (.text:algProcess:AUDENC1COPY_TI_process)
                  996a04c0    00000160     g711.ae674 : g711dec_sun_ialg.oe674 (.text:algProcess:G711DEC_SUN_decode)
                  996a0620    00000160                : g711enc_sun_ialg.oe674 (.text:algProcess:G711ENC_SUN_encode)
                  996a0780    00000160     ce.ae674 : rms.oe674 (.text:checkStack)
                  996a08e0    00000160     rman.ae674 : rman.oe674 (.text:freeVTableEntry)
                  996a0a40    00000160     sysbios.lib : BIOS.obj (.text:rtsUnlock$0)
                  996a0ba0    00000160     ipc.lib : Ipc.obj (.text:ti_sdo_ipc_GateMP_createLocal__F)
                  996a0d00    00000160             : Ipc.obj (.text:ti_sdo_ipc_MessageQ_unregisterTransport__F)
                  996a0e60    00000160             : Ipc.obj (.text:ti_sdo_ipc_family_ti81xx_InterruptDsp_intDisable__E)
                  996a0fc0    00000160             : Ipc.obj (.text:ti_sdo_ipc_family_ti81xx_InterruptDsp_intEnable__E)
                  996a1120    00000160             : Ipc.obj (.text:ti_sdo_ipc_gates_GateHWSpinlock_Module_startup__F)
                  996a1280    00000160             : Ipc.obj (.text:ti_sdo_utils_NameServer_isRegistered__E)
                  996a13e0    00000160             : Ipc.obj (.text:ti_sdo_utils_NameServer_registerRemoteDriver__E)
                  996a1540    00000160             : Ipc.obj (.text:ti_sdo_utils_NameServer_unregisterRemoteDriver__E)
                  996a16a0    00000160     sysbios.lib : BIOS.obj (.text:ti_sysbios_timers_dmtimer_Timer_start__E)
                  996a1800    00000160                 : BIOS.obj (.text:ti_sysbios_utils_Load_taskCreateHook__E)
                  996a1960    00000140     auddec1.ae674 : auddec1.oe674 (.text:AUDDEC1_delete)
                  996a1aa0    00000140     audio.ae674 : auddec.oe674 (.text:AUDDEC_delete)
                  996a1be0    00000140     audenc1.ae674 : audenc1.oe674 (.text:AUDENC1_delete)
                  996a1d20    00000140     audio.ae674 : audenc.oe674 (.text:AUDENC_delete)
                  996a1e60    00000140     Algorithm_BIOS.ae674 : Algorithm_BIOS.oe674 (.text:Algorithm_removeGroup)
                  996a1fa0    00000140     ipc.lib : Ipc.obj (.text:GateMP_close)
                  996a20e0    00000140     imgdec1.ae674 : imgdec1.oe674 (.text:IMGDEC1_delete)
                  996a2220    00000140     image.ae674 : imgdec.oe674 (.text:IMGDEC_delete)
                  996a2360    00000140     imgenc1.ae674 : imgenc1.oe674 (.text:IMGENC1_delete)
                  996a24a0    00000140     image.ae674 : imgenc.oe674 (.text:IMGENC_delete)
                  996a25e0    00000140     nullres.ae674 : iresman_nullres.oe674 (.text:IRESMAN_NULLRES_init)
                  996a2720    00000140     ipc.lib : Ipc.obj (.text:MessageQ_registerHeap)
                  996a2860    00000140     osal_support.ae674 : OsalSupport.oe674 (.text:OsalSupport_createGate)
                  996a29a0    00000140     scale_debug.ae674 : scale.oe674 (.text:SCALE_delete)
                  996a2ae0    00000140     sphdec1.ae674 : sphdec1.oe674 (.text:SPHDEC1_delete)
                  996a2c20    00000140     speech.ae674 : sphdec.oe674 (.text:SPHDEC_delete)
                  996a2d60    00000140     sphenc1.ae674 : sphenc1.oe674 (.text:SPHENC1_delete)
                  996a2ea0    00000140     speech.ae674 : sphenc.oe674 (.text:SPHENC_delete)
                  996a2fe0    00000140     universal.ae674 : universal.oe674 (.text:UNIVERSAL_delete)
                  996a3120    00000140     vidanalytics.ae674 : vidanalytics.oe674 (.text:VIDANALYTICS_delete)
                  996a3260    00000140     viddec1.ae674 : viddec1.oe674 (.text:VIDDEC1_delete)
                  996a33a0    00000140     viddec2back.ae674 : viddec2back.oe674 (.text:VIDDEC2BACK_delete)
                  996a34e0    00000140     viddec2.ae674 : viddec2.oe674 (.text:VIDDEC2_delete)
                  996a3620    00000140     viddec3.ae674 : viddec3.oe674 (.text:VIDDEC3_delete)
                  996a3760    00000140     video.ae674 : viddec.oe674 (.text:VIDDEC_delete)
                  996a38a0    00000140     videnc1.ae674 : videnc1.oe674 (.text:VIDENC1_delete)
                  996a39e0    00000140     videnc2.ae674 : videnc2.oe674 (.text:VIDENC2_delete)
                  996a3b20    00000140     video.ae674 : videnc.oe674 (.text:VIDENC_delete)
                  996a3c60    00000140     vidtranscode.ae674 : vidtranscode.oe674 (.text:VIDTRANSCODE_delete)
                  996a3da0    00000140     boot.ae674 : autoinit.oe674 (.text:_auto_init_elf)
                  996a3ee0    00000140     rts6740_elf.lib : _printfi.obj (.text:_pproc_fflags)
                  996a4020    00000140     imgdec1_copy.ae674 : imgdec1_copy.oe674 (.text:algProcess:IMGDEC1COPY_TI_process)
                  996a4160    00000140     ce.ae674 : rms.oe674 (.text:deleteNode)
                  996a42a0    00000140     rts6740_elf.lib : fputc.obj (.text:fputc)
                  996a43e0    00000140     ce.ae674 : Engine.oe674 (.text:getRpcProtocolVersion)
                  996a4520    00000140     rts6740_elf.lib : lowlev.obj (.text:getdevice)
                  996a4660    00000140                     : ldexp.obj (.text:ldexp)
                  996a47a0    00000140                     : sqrt.obj (.text:sqrt)
                  996a48e0    00000140     osal.ae674 : Memory_BIOS.oe674 (.text:ti_sdo_ce_osal_Memory_cacheWbInvAll)
                  996a4a20    00000140     ipc.lib : Ipc.obj (.text:ti_sdo_ipc_Notify_exec__F)
                  996a4b60    00000140             : Ipc.obj (.text:ti_sdo_ipc_family_ti81xx_InterruptDsp_intShmStub__I)
                  996a4ca0    00000140             : Ipc.obj (.text:ti_sdo_ipc_transports_TransportShm_sharedMemReq__F)
                  996a4de0    00000140     sysbios.lib : BIOS.obj (.text:ti_sysbios_family_c64p_Hwi_Module_startup__F)
                  996a4f20    00000140                 : BIOS.obj (.text:ti_sysbios_gates_GateSwi_enter__E)
                  996a5060    00000140                 : BIOS.obj (.text:ti_sysbios_knl_Clock_Instance_finalize__F)
                  996a51a0    00000140                 : BIOS.obj (.text:ti_sysbios_knl_Semaphore_Instance_init__F)
                  996a52e0    00000140                 : BIOS.obj (.text:ti_sysbios_knl_Swi_post__E)
                  996a5420    00000140                 : BIOS.obj (.text:ti_sysbios_knl_Task_blockI__E)
                  996a5560    00000140                 : BIOS.obj (.text:ti_sysbios_knl_Task_yield__E)
                  996a56a0    00000140                 : BIOS.obj (.text:ti_sysbios_utils_Load_addTask__E)
                  996a57e0    00000140     ti.targets.rts6000.ae674 : GateProcess.oe674 (.text:xdc_runtime_knl_GateProcess_Instance_init__F)
                  996a5920    00000120     Algorithm_BIOS.ae674 : Algorithm_BIOS.oe674 (.text:Algorithm_init)
                  996a5a40    00000120     cesettings.ae674 : CESettings.oe674 (.text:CESettings_setDiags)
                  996a5b60    00000120     dskt2.ae674 : dskt2_yield.oe674 (.text:DSKT2_setYieldArgs)
                  996a5c80    00000120     fcsettings.ae674 : FCSettings.oe674 (.text:FCSettings_setDiags)
                  996a5da0    00000120     osal.ae674 : Global_BIOS.oe674 (.text:Global_atexit)
                  996a5ec0    00000120                : Loader_noOS.oe674 (.text:Loader_init)
                  996a5fe0    00000120     ipc.lib : Ipc.obj (.text:MessageQ_unregisterHeap)
                  996a6100    00000120     ce.ae674 : visa.oe674 (.text:VISA_create)
                  996a6220    00000120     XdmUtils.ae674 : XdmUtils.oe674 (.text:XdmUtils_init)
                  996a6340    00000120     dskt2.ae674 : dskt2_permute.oe674 (.text:_rotateListElements)
                  996a6460    00000120     auddec_copy.ae674 : auddec_copy.oe674 (.text:algControl:AUDDECCOPY_TI_control)
                  996a6580    00000120     universal_copy.ae674 : universal_copy.oe674 (.text:algControl:UNIVERSALCOPY_TI_control)
                  996a66a0    00000120     imgenc1_copy.ae674 : imgenc1_copy.oe674 (.text:algProcess:IMGENC1COPY_TI_process)
                  996a67c0    00000120     dman3Cfg.ae674 : rmm.oe674 (.text:allocBlock)
                  996a68e0    00000120     rts6740_elf.lib : fclose.obj (.text:fclose)
                  996a6a00    00000120                     : frexp.obj (.text:frexp)
                  996a6b20    00000120     ce.ae674 : rms.oe674 (.text:getMemStat)
                  996a6c40    00000120              : rms.oe674 (.text:getSegStat)
                  996a6d60    00000120     sysbios.lib : BIOS.obj (.text:initDevice$46)
                  996a6e80    00000120     ce.ae674 : Engine.oe674 (.text:isa)
                  996a6fa0    00000120     rman.ae674 : rman.oe674 (.text:myAlloc)
                  996a70c0    00000120     speexenc.ae674 : speexenc_copy.oe674 (.text:speexenc_TI_control)
                  996a71e0    00000120     syscbuf.ae674 : SysCBuf.oe674 (.text:ti_sdo_ce_utils_syscbuf_SysCBuf_flush__F)
                  996a7300    00000120     ipc.lib : Ipc.obj (.text:ti_sdo_ipc_MessageQ_Module_startup__F)
                  996a7420    00000120             : Ipc.obj (.text:ti_sdo_ipc_gates_GateHWSpinlock_leave__E)
                  996a7540    00000120             : Ipc.obj (.text:ti_sdo_ipc_nsremote_NameServerRemoteNotify_Instance_finalize__F)
                  996a7660    00000120     sysbios.lib : BIOS.obj (.text:ti_sysbios_timers_dmtimer_Timer_Module_startup__F)
                  996a7780    00000120     ti.targets.rts6000.ae674 : Text.oe674 (.text:xdc_runtime_Text_putLab__F)
                  996a78a0    00000100     cesettings.ae674 : CESettings.oe674 (.text:CESettings_init)
                  996a79a0    00000100     ce.ae674 : Engine.oe674 (.text:Engine_getConstName)
                  996a7aa0    00000100     fcsettings.ae674 : FCSettings.oe674 (.text:FCSettings_init)
                  996a7ba0    00000100     g711.ae674 : g711_sun_internal.oe674 (.text:G711_SUN_linear2alaw)
                  996a7ca0    00000100                : g711_sun_internal.oe674 (.text:G711_SUN_linear2ulaw)
                  996a7da0    00000100     rts6740_elf.lib : trgdrv.obj (.text:HOSTlseek)
                  996a7ea0    00000100     nullres.ae674 : iresman_nullres.oe674 (.text:IRESMAN_NULLRES_freeHandle)
                  996a7fa0    00000100     node.ae674 : node_init.oe674 (.text:NODE_init)
                  996a80a0    00000100     ipc_bios.ae674 : Processor_noOS.oe674 (.text:Processor_init)
                  996a81a0    00000100     videnc_copy_dma.ae674 : videnc_copy.oe674 (.text:VIDENCCOPY_TI_dmaGetChannels)
                  996a82a0    00000100     ce.ae674 : visa.oe674 (.text:_VISA_init)
                  996a83a0    00000100     rts6740_elf.lib : _printfi.obj (.text:_ltostr)
                  996a84a0    00000100                     : _io_perm.obj (.text:_wrt_ok)
                  996a85a0    00000100     audenc_copy.ae674 : audenc_copy.oe674 (.text:algProcess:AUDENCCOPY_TI_process)
                  996a86a0    00000100     sphdec1_copy.ae674 : sphdec1_copy.oe674 (.text:algProcess:SPHDEC1COPY_TI_process)
                  996a87a0    00000100     sphenc1_copy.ae674 : sphenc1_copy.oe674 (.text:algProcess:SPHENC1COPY_TI_process)
                  996a88a0    00000100     universal_copy.ae674 : universal_copy.oe674 (.text:algProcess:UNIVERSALCOPY_TI_process)
                  996a89a0    00000100     rts6740_elf.lib : fflush.obj (.text:fflush)
                  996a8aa0    00000100     rman.ae674 : rman.oe674 (.text:getResman)
                  996a8ba0    00000100     ce.ae674 : rms.oe674 (.text:getTrace)
                  996a8ca0    00000100     speexenc.ae674 : mixer.oe674 (.text:mix_frame)
                  996a8da0    00000100                    : mixer.oe674 (.text:mixprocess)
                  996a8ea0    00000100     rman.ae674 : rman.oe674 (.text:setInternalState)
                  996a8fa0    00000100     ipc.lib : Ipc.obj (.text:ti_sdo_ipc_Notify_Instance_finalize__F)
                  996a90a0    00000100     all_DSP_pe674.oe674 (.text:ti_sdo_ipc_Notify_Object__create__S)
                  996a91a0    00000100     ipc.lib : Ipc.obj (.text:ti_sdo_ipc_SharedRegion_attach__F)
                  996a92a0    00000100             : Ipc.obj (.text:ti_sdo_ipc_SharedRegion_clearReservedMemory__F)
                  996a93a0    00000100             : Ipc.obj (.text:ti_sdo_ipc_gates_GateMPSupportNull_enter__E)
                  996a94a0    00000100             : Ipc.obj (.text:ti_sdo_ipc_gates_GateMPSupportNull_leave__E)
                  996a95a0    00000100     all_DSP_pe674.oe674 (.text:ti_sysbios_family_c64p_Hwi_Object__create__S)
                  996a96a0    00000100     sysbios.lib : BIOS.obj (.text:ti_sysbios_gates_GateMutexPri_leave__E)
                  996a97a0    00000100                 : BIOS.obj (.text:ti_sysbios_knl_Clock_startI__E)
                  996a98a0    00000100                 : BIOS.obj (.text:ti_sysbios_knl_Clock_start__E)
                  996a99a0    00000100                 : BIOS.obj (.text:ti_sysbios_knl_Swi_restoreHwi__E)
                  996a9aa0    00000100     ti.targets.rts6000.ae674 : Core-mem.oe674 (.text:xdc_runtime_Core_deleteObject__I)
                  996a9ba0    00000100                              : Startup.oe674 (.text:xdc_runtime_Startup_exec__F)
                  996a9ca0    00000100                              : Text.oe674 (.text:xdc_runtime_Text_putMod__F)
                  996a9da0    00000100                              : Text.oe674 (.text:xdc_runtime_Text_visitRope2__I)
                  996a9ea0    00000100     all_DSP_pe674.oe674 (.text:xdc_runtime_knl_SemProcess_Object__create__S)
                  996a9fa0    000000e0     ipc_bios.ae674 : Comm_BIOS.oe674 (.text:Comm_create)
                  996aa080    000000e0     g711.ae674 : g711_sun_internal.oe674 (.text:G711_SUN_alaw2linear)
                  996aa160    000000e0     rts6740_elf.lib : trgdrv.obj (.text:HOSTopen)
                  996aa240    000000e0     ipc.lib : Ipc.obj (.text:HeapBufMP_create)
                  996aa320    000000e0     imgenc_copy.ae674 : imgenc_copy.oe674 (.text:IMGENCCOPY_TI_initObj)
                  996aa400    000000e0     ce.ae674 : rms.oe674 (.text:RMS_exit)
                  996aa4e0    000000e0     sphdec_copy.ae674 : sphdec_copy.oe674 (.text:SPHDECCOPY_TI_initObj)
                  996aa5c0    000000e0     sphenc_copy.ae674 : sphenc_copy.oe674 (.text:SPHENCCOPY_TI_initObj)
                  996aa6a0    000000e0     viddec_copy.ae674 : viddec_copy.oe674 (.text:VIDDECCOPY_TI_initObj)
                  996aa780    000000e0     videnc_copy_dma.ae674 : videnc_copy.oe674 (.text:VIDENCCOPY_TI_initObj)
                  996aa860    000000e0     ce.ae674 : visa.oe674 (.text:VISA_enter)
                  996aa940    000000e0              : visa.oe674 (.text:VISA_exit)
                  996aaa20    000000e0     dskt2.ae674 : dskt2_scratch.oe674 (.text:_DSKT2_useSharedScratch)
                  996aab00    000000e0     rts6740_elf.lib : divi.obj (.text:__divi)
                  996aabe0    000000e0     sphenc1_copy.ae674 : sphenc1_copy.oe674 (.text:algInit:SPHENC1COPY_TI_initObj)
                  996aacc0    000000e0     auddec_copy.ae674 : auddec_copy.oe674 (.text:algProcess:AUDDECCOPY_TI_process)
                  996aada0    000000e0     rts6740_elf.lib : atoi.obj (.text:atoi)
                  996aae80    000000e0     osal.ae674 : Loader_noOS.oe674 (.text:cleanup)
                  996aaf60    000000e0     rts6740_elf.lib : lowlev.obj (.text:close)
                  996ab040    000000e0     ce.ae674 : Engine.oe674 (.text:copyToFile)
                  996ab120    000000e0     rts6740_elf.lib : exit.obj (.text:exit)
                  996ab200    000000e0     ce.ae674 : rms.oe674 (.text:getNumAlgs)
                  996ab2e0    000000e0     rts6740_elf.lib : ltoa.obj (.text:ltoa)
                  996ab3c0    000000e0                     : memset.obj (.text:memset)
                  996ab4a0    000000e0     ce.ae674 : rms.oe674 (.text:mkInst)
                  996ab580    000000e0              : rms.oe674 (.text:restoreHeap)
                  996ab660    000000e0              : rms.oe674 (.text:setTraceMask)
                  996ab740    000000e0     speexenc.ae674 : SpeexCod.oe674 (.text:spx_dec_open)
                  996ab820    000000e0                    : SpeexCod.oe674 (.text:spx_enc_open)
                  996ab900    000000e0     ce.ae674 : rms.oe674 (.text:startNode)
                  996ab9e0    000000e0     syscbuf.ae674 : SysCBuf.oe674 (.text:ti_sdo_ce_utils_syscbuf_SysCBuf_Module_startup__F)
                  996abac0    000000e0                   : SysCBuf.oe674 (.text:ti_sdo_ce_utils_syscbuf_SysCBuf_bind__F)
                  996abba0    000000e0     all_DSP_pe674.oe674 (.text:ti_sdo_ipc_GateMP_Object__create__S)
                  996abc80    000000e0     all_DSP_pe674.oe674 (.text:ti_sdo_ipc_ListMP_Object__create__S)
                  996abd60    000000e0     all_DSP_pe674.oe674 (.text:ti_sdo_ipc_MessageQ_Object__create__S)
                  996abe40    000000e0     ipc.lib : Ipc.obj (.text:ti_sdo_ipc_Notify_detach__F)
                  996abf20    000000e0             : Ipc.obj (.text:ti_sdo_ipc_family_ti81xx_NotifySetup_sharedMemReq__E)
                  996ac000    000000e0     all_DSP_pe674.oe674 (.text:ti_sdo_ipc_gates_GatePeterson_Object__create__S)
                  996ac0e0    000000e0     all_DSP_pe674.oe674 (.text:ti_sdo_ipc_heaps_HeapBufMP_Object__create__S)
                  996ac1c0    000000e0     ipc.lib : Ipc.obj (.text:ti_sdo_ipc_heaps_HeapBufMP_getStats__F)
                  996ac2a0    000000e0     all_DSP_pe674.oe674 (.text:ti_sdo_ipc_heaps_HeapMemMP_Object__create__S)
                  996ac380    000000e0     all_DSP_pe674.oe674 (.text:ti_sdo_ipc_notifyDrivers_NotifyDriverShm_Object__create__S)
                  996ac460    000000e0     all_DSP_pe674.oe674 (.text:ti_sdo_ipc_nsremote_NameServerRemoteNotify_Object__create__S)
                  996ac540    000000e0     all_DSP_pe674.oe674 (.text:ti_sdo_ipc_transports_TransportShm_Object__create__S)
                  996ac620    000000e0     sysbios.lib : BIOS.obj (.text:ti_sysbios_family_c64p_Hwi_Instance_finalize__F)
                  996ac700    000000e0                 : BIOS.obj (.text:ti_sysbios_family_c64p_Hwi_Instance_init__F)
                  996ac7e0    000000e0                 : BIOS.obj (.text:ti_sysbios_knl_Swi_Instance_finalize__F)
                  996ac8c0    000000e0     all_DSP_pe674.oe674 (.text:ti_sysbios_knl_Swi_Object__create__S)
                  996ac9a0    000000e0     all_DSP_pe674.oe674 (.text:ti_sysbios_knl_Task_Object__create__S)
                  996aca80    000000e0     all_DSP_pe674.oe674 (.text:ti_sysbios_syncs_SyncSem_Object__create__S)
                  996acb60    000000e0     sysbios.lib : BIOS.obj (.text:ti_sysbios_timers_dmtimer_Timer_setNextTick__E)
                  996acc40    000000e0     all_DSP_pe674.oe674 (.text:ti_sysbios_xdcruntime_ThreadSupport_Object__create__S)
                  996acd20    000000e0     sysbios.lib : BIOS.obj (.text:ti_sysbios_xdcruntime_ThreadSupport_join__F)
                  996ace00    000000e0     ti.targets.rts6000.ae674 : Error.oe674 (.text:xdc_runtime_Error_print__F)
                  996acee0    000000e0                              : Memory.oe674 (.text:xdc_runtime_Memory_alloc__F)
                  996acfc0    000000e0     all_DSP_pe674.oe674 (.text:xdc_runtime_knl_GateProcess_Object__create__S)
                  996ad0a0    000000e0     all_DSP_pe674.oe674 (.text:xdc_runtime_knl_GateThread_Object__create__S)
                  996ad180    000000e0     all_DSP_pe674.oe674 (.text:xdc_runtime_knl_SemThread_Object__create__S)
                  996ad260    000000e0     ti.targets.rts6000.ae674 : Thread.oe674 (.text:xdc_runtime_knl_Thread_Instance_init__F)
                  996ad340    000000e0     all_DSP_pe674.oe674 (.text:xdc_runtime_knl_Thread_Object__create__S)
                  996ad420    000000c0     ce.ae674 : Engine.oe674 (.text:Engine_getProcId)
                  996ad4e0    000000c0              : Engine.oe674 (.text:Engine_getRemoteVisa)
                  996ad5a0    000000c0     rts6740_elf.lib : trgdrv.obj (.text:HOSTread)
                  996ad660    000000c0                     : trgdrv.obj (.text:HOSTunlink)
                  996ad720    000000c0                     : trgdrv.obj (.text:HOSTwrite)
                  996ad7e0    000000c0     ipc.lib : Ipc.obj (.text:HeapMemMP_create)
                  996ad8a0    000000c0     imgenc_copy.ae674 : imgenc_copy.oe674 (.text:IMGENCCOPY_TI_free)
                  996ad960    000000c0     ipc.lib : Ipc.obj (.text:ListMP_create)
                  996ada20    000000c0     sphdec_copy.ae674 : sphdec_copy.oe674 (.text:SPHDECCOPY_TI_free)
                  996adae0    000000c0     sphenc_copy.ae674 : sphenc_copy.oe674 (.text:SPHENCCOPY_TI_free)
                  996adba0    000000c0     viddec_copy.ae674 : viddec_copy.oe674 (.text:VIDDECCOPY_TI_free)
                  996adc60    000000c0     videnc_copy_dma.ae674 : videnc_copy.oe674 (.text:VIDENCCOPY_TI_dmaChangeChannels)
                  996add20    000000c0                           : videnc_copy.oe674 (.text:VIDENCCOPY_TI_dmaInit)
                  996adde0    000000c0                           : videnc_copy.oe674 (.text:VIDENCCOPY_TI_free)
                  996adea0    000000c0     dskt2.ae674 : dskt2_permute.oe674 (.text:_DSKT2_Permute_setInitialState)
                  996adf60    000000c0     node.ae674 : node_crea.oe674 (.text:_NODE_createFxn)
                  996ae020    000000c0     rts6740_elf.lib : dtor_list.obj (.text:__cxa_finalize)
                  996ae0e0    000000c0                     : divu.obj (.text:__divu)
                  996ae1a0    000000c0                     : remi.obj (.text:__remi)
                  996ae260    000000c0                     : fopen.obj (.text:_cleanup)
                  996ae320    000000c0                     : _printfi.obj (.text:_div)
                  996ae3e0    000000c0                     : fflush.obj (.text:_doflush)
                  996ae4a0    000000c0     dskt2.ae674 : dskt2_permute.oe674 (.text:_rotateSubgroup)
                  996ae560    000000c0     viddec3_copy.ae674 : viddec3_copy.oe674 (.text:algAlloc:VIDDEC3COPY_TI_alloc)
                  996ae620    000000c0     videnc2_copy.ae674 : videnc2_copy.oe674 (.text:algAlloc:VIDENC2COPY_TI_alloc)
                  996ae6e0    000000c0     audenc1_copy.ae674 : audenc1_copy.oe674 (.text:algInit:AUDENC1COPY_TI_initObj)
                  996ae7a0    000000c0     g711.ae674 : g711enc_sun_ialg.oe674 (.text:algInit:G711ENC_SUN_initObj)
                  996ae860    000000c0     scale_debug.ae674 : scale_skel.oe674 (.text:call)
                  996ae920    000000c0     speexenc.ae674 : SpeexCod.oe674 (.text:codec_run_dec0)
                  996ae9e0    000000c0                    : SpeexCod.oe674 (.text:codec_run_dec1)
                  996aeaa0    000000c0                    : SpeexCod.oe674 (.text:codec_run_dec2)
                  996aeb60    000000c0                    : SpeexCod.oe674 (.text:codec_run_dec3)
                  996aec20    000000c0                    : SpeexCod.oe674 (.text:codec_run_dec4)
                  996aece0    000000c0                    : SpeexCod.oe674 (.text:codec_run_dec5)
                  996aeda0    000000c0                    : SpeexCod.oe674 (.text:codec_run_dec6)
                  996aee60    000000c0                    : SpeexCod.oe674 (.text:codec_run_dec7)
                  996aef20    000000c0     rts6740_elf.lib : fseek.obj (.text:fseek)
                  996aefe0    000000c0     speexenc.ae674 : mixer.oe674 (.text:get_level)
                  996af0a0    000000c0     fcsettings.ae674 : gt_dais.oe674 (.text:gt_MemSpace)
                  996af160    000000c0     libspeex.lib : modes_wb.obj (.text)
                  996af220    000000c0     rts6740_elf.lib : lowlev.obj (.text:lseek)
                  996af2e0    000000c0     main.oe674 (.text:main)
                  996af3a0    000000c0     all_DSP_pe674.oe674 (.text:realloc)
                  996af460    000000c0     speexenc.ae674 : SpeexCod.oe674 (.text:start_aac)
                  996af520    000000c0     osal.ae674 : Memory_BIOS.oe674 (.text:ti_sdo_ce_osal_Memory_segStat)
                  996af5e0    000000c0     syscbuf.ae674 : SysCBuf.oe674 (.text:ti_sdo_ce_utils_syscbuf_SysCBuf_putch__F)
                  996af6a0    000000c0     ipc.lib : Ipc.obj (.text:ti_sdo_ipc_GateMP_getRegion0ReservedSize__F)
                  996af760    000000c0             : Ipc.obj (.text:ti_sdo_ipc_family_ti81xx_InterruptDsp_intSend__E)
                  996af820    000000c0     sysbios.lib : BIOS.obj (.text:ti_sysbios_BIOS_errorRaiseHook__I)
                  996af8e0    000000c0                 : BIOS.obj (.text:ti_sysbios_gates_GateAll_leave__E)
                  996af9a0    000000c0                 : BIOS.obj (.text:ti_sysbios_heaps_HeapMem_getStats__E)
                  996afa60    000000c0                 : BIOS.obj (.text:ti_sysbios_knl_Clock_logTick__E)
                  996afb20    000000c0                 : BIOS.obj (.text:ti_sysbios_timers_dmtimer_Timer_getExpiredCounts__E)
                  996afbe0    000000c0                 : BIOS.obj (.text:ti_sysbios_timers_dmtimer_Timer_stop__E)
                  996afca0    000000c0                 : BIOS.obj (.text:ti_sysbios_utils_Load_taskSwitchHook__E)
                  996afd60    000000c0                 : BIOS.obj (.text:ti_sysbios_xdcruntime_SemThreadSupport_pend__F)
                  996afe20    000000c0     rts6740_elf.lib : lowlev.obj (.text:write)
                  996afee0    000000c0     ti.targets.rts6000.ae674 : System.oe674 (.text:xdc_runtime_System_formatNum__I)
                  996affa0    000000c0                              : Text.oe674 (.text:xdc_runtime_Text_matchVisFxn__I)
                  996b0060    000000a0     dskt2.ae674 : dskt2_lock.oe674 (.text:DSKT2_initLocks)
[...]
99767b28   ti_sysbios_timers_dmtimer_Timer_startupNeeded__C
99767b2c   ti_sysbios_utils_Load_Module__id__C
99767b30   ti_sysbios_utils_Load_Module__loggerDefined__C
99767b34   ti_sysbios_utils_Load_autoAddTasks__C
99767b38   ti_sysbios_utils_Load_hwiEnabled__C
99767b3c   ti_sysbios_utils_Load_swiEnabled__C
99767b40   ti_sysbios_utils_Load_taskEnabled__C
99767b44   ti_sysbios_utils_Load_updateInIdle__C
99767b48   ti_sysbios_xdcruntime_ThreadSupport_Module__id__C
99767b4c   ti_sysbios_xdcruntime_ThreadSupport_Module__loggerDefined__C
99767b50   xdc_runtime_Core_Module__id__C
99767b54   xdc_runtime_Diags_setMaskEnabled__C
99767b58   xdc_runtime_Error_Module__loggerDefined__C
99767b5c   xdc_runtime_Error_maxDepth__C
99767b60   xdc_runtime_Main_Module__id__C
99767b64   xdc_runtime_Main_Module__loggerDefined__C
99767b68   xdc_runtime_Memory_Module__id__C
99767b6c   xdc_runtime_Registry_Module__id__C
99767b70   xdc_runtime_Registry_Module__loggerDefined__C
99767b74   xdc_runtime_Text_charCnt__C
99767b78   xdc_runtime_Text_isLoaded__C
99767b7c   xdc_runtime_Text_registryModsLastId__C
99767b80   xdc_runtime_Text_unnamedModsLastId__C
99767b84   xdc_runtime_knl_GateProcess_Module__id__C
99767b88   pcm_buffer
99769b88   dec_pcmbuf
9976bd8c   Engine_config
9976bed8   RMS_config
9976bee4   ti_sdo_ce_examples_codecs_videnc_copy_VIDENC_COPY_codecClassConfig
9976bf44   ti_sdo_ce_examples_codecs_viddec_copy_VIDDEC_COPY_codecClassConfig
9976bfa4   ti_sdo_ce_examples_codecs_imgdec_copy_IMGDEC_COPY_codecClassConfig
9976bfe4   ti_sdo_ce_examples_codecs_imgenc_copy_IMGENC_COPY_codecClassConfig
9976c024   ti_sdo_ce_examples_codecs_viddec3_copy_VIDDEC3_COPY_codecClassConfig
9976c064   ti_sdo_ce_examples_codecs_videnc2_copy_VIDENC2_COPY_codecClassConfig
9976c090   ti_sdo_ce_examples_codecs_viddec2_copy_VIDDEC2_COPY_codecClassConfig
9976c0d0   ti_sdo_ce_examples_codecs_videnc1_copy_VIDENC1_COPY_codecClassConfig
9976c110   ti_sdo_ce_examples_codecs_viddec1_copy_VIDDEC1_COPY_codecClassConfig
9976c150   ti_sdo_ce_examples_codecs_imgdec1_copy_IMGDEC1_COPY_codecClassConfig
9976c190   ti_sdo_ce_examples_codecs_imgenc1_copy_IMGENC1_COPY_codecClassConfig
9976c1d0   ti_sdo_ce_examples_codecs_universal_copy_UNIVERSAL_COPY_codecClassConfig
9976c230   ti_sdo_ce_examples_codecs_viddec2split_copy_VIDDEC2BACK_COPY_codecClassConfig
9976c2f0   DSKT2_cacheWBInvFxn
9976c2f4   _DSKT2_ALLOW_EXTERNAL_SCRATCH
9976c2f8   ti_sdo_fc_dskt2_DSKT2_disableLazyDeactivate
9976c2fa   ti_sdo_fc_dman3_DMAN3_useCustomDma
9976c2fc   DMAN3_PARAMS
9976c388   RMAN_numRegistryEntries
9976c38c   RMAN_registryEntries
9976c390   RMAN_registryResmanArgs
9976c394   ti_sdo_fc_rman_RMAN_MAXALGS
9976c398   RMAN_PARAMS
9976c3ac   NODE_config
9976c3b8   ti_sdo_fc_acpy3_ACPY3_ipcKeyBase
9976c3bc   ti_sdo_ce_utils_syscbuf_SysCBuf_Module__state__V
9976c3cc   ti_sdo_ipc_GateMP_Module__root__V
9976c3d4   ti_sdo_ipc_GateMP_Module__state__V
9976c41c   ti_sdo_ipc_Ipc_Module__state__V
9976c428   ti_sdo_ipc_ListMP_Module__root__V
9976c430   ti_sdo_ipc_ListMP_Module__state__V
9976c434   ti_sdo_ipc_MessageQ_Module__root__V
9976c43c   ti_sdo_ipc_MessageQ_Module__state__V
9976c458   ti_sdo_ipc_Notify_Module__root__V
9976c460   ti_sdo_ipc_Notify_Module__state__V
9976c468   ti_sdo_ipc_SharedRegion_Module__state__V
9976c46c   ti_sdo_ipc_family_ti81xx_InterruptDsp_Module__state__V
9976c488   ti_sdo_ipc_gates_GateHWSpinlock_Module__root__V
9976c490   ti_sdo_ipc_gates_GateMPSupportNull_Module__root__V
9976c498   ti_sdo_ipc_gates_GatePeterson_Module__root__V
9976c4a0   ti_sdo_ipc_heaps_HeapBufMP_Module__root__V
9976c4a8   ti_sdo_ipc_heaps_HeapBufMP_Module__state__V
9976c4ac   ti_sdo_ipc_heaps_HeapMemMP_Module__root__V
9976c4b4   ti_sdo_ipc_heaps_HeapMemMP_Module__state__V
9976c4b8   ti_sdo_ipc_notifyDrivers_NotifyDriverShm_Module__root__V
9976c4c0   ti_sdo_ipc_nsremote_NameServerRemoteNotify_Module__root__V
9976c4c8   ti_sdo_ipc_transports_TransportShm_Module__root__V
9976c4d0   ti_sdo_ipc_transports_TransportShmSetup_Module__state__V
9976c4d4   ti_sdo_utils_List_Module__root__V
9976c4dc   ti_sdo_utils_MultiProc_Module__state__V
9976c4e0   ti_sdo_utils_NameServer_Module__root__V
9976c4e8   ti_sdo_utils_NameServer_Module__state__V
9976c4f0   ti_sdo_utils_NameServerRemoteNull_Module__root__V
9976c4f8   ti_sdo_utils_loggers_LoggerSysTID_Module__root__V
9976c500   ti_sysbios_BIOS_Module__state__V
9976c51c   ti_sysbios_family_c64p_Cache_Module__state__V
9976c520   ti_sysbios_family_c64p_Exception_Module__state__V
9976c54c   ti_sysbios_family_c64p_Hwi_Module__root__V
9976c554   ti_sysbios_family_c64p_Hwi_Module__state__V
9976c5bc   ti_sysbios_gates_GateAll_Module__root__V
9976c5c4   ti_sysbios_gates_GateHwi_Module__root__V
9976c5cc   ti_sysbios_gates_GateMutex_Module__root__V
9976c5d4   ti_sysbios_gates_GateMutexPri_Module__root__V
9976c5dc   ti_sysbios_gates_GateSwi_Module__root__V
9976c5e4   ti_sysbios_hal_Hwi_Module__root__V
9976c5ec   ti_sysbios_hal_Timer_Module__root__V
9976c5f4   ti_sysbios_heaps_HeapMem_Module__root__V
9976c5fc   ti_sysbios_knl_Clock_Module__root__V
9976c604   ti_sysbios_knl_Clock_Module__state__V
9976c630   ti_sysbios_knl_Queue_Module__root__V
9976c638   ti_sysbios_knl_Semaphore_Module__root__V
9976c640   ti_sysbios_knl_Swi_Module__root__V
9976c648   ti_sysbios_knl_Swi_Module__state__V
9976c664   ti_sysbios_knl_Task_Module__root__V
9976c66c   ti_sysbios_knl_Task_Module__state__V
9976c6a0   ti_sysbios_syncs_SyncSem_Module__root__V
9976c6a8   ti_sysbios_timers_dmtimer_Timer_Module__root__V
9976c6b0   ti_sysbios_timers_dmtimer_Timer_Module__state__V
9976c6c8   ti_sysbios_utils_Load_Module__state__V
9976c764   ti_sysbios_xdcruntime_GateProcessSupport_Module__root__V
9976c76c   ti_sysbios_xdcruntime_GateThreadSupport_Module__root__V
9976c774   ti_sysbios_xdcruntime_SemProcessSupport_Module__root__V
9976c77c   ti_sysbios_xdcruntime_SemThreadSupport_Module__root__V
9976c784   ti_sysbios_xdcruntime_ThreadSupport_Module__root__V
9976c78c   xdc_runtime_Error_Module__state__V
9976c790   xdc_runtime_GateNull_Module__root__V
9976c798   xdc_runtime_Main_Module__root__V
9976c79c   xdc_runtime_Memory_Module__state__V
9976c7a0   xdc_runtime_Registry_Module__root__V
9976c7a4   xdc_runtime_Registry_Module__state__V
9976c7ac   xdc_runtime_Startup_Module__state__V
9976c7b4   xdc_runtime_System_Module__state__V
9976c7c0   xdc_runtime_Text_Module__state__V
9976c7c8   xdc_runtime_knl_GateProcess_Module__root__V
9976c7d0   xdc_runtime_knl_GateThread_Module__root__V
9976c7d8   xdc_runtime_knl_SemProcess_Module__root__V
9976c7e0   xdc_runtime_knl_SemThread_Module__root__V
9976c7e8   xdc_runtime_knl_Thread_Module__root__V
9976c7f0   __xdc__init__addr
9976c7f8   encode_buffer_mono
9976cff8   ti_sdo_ipc_GateMP_Module_State_0_remoteCustom1Gates__A
9976dd38   iMixSamplesData
9976e238   huff11
9976e6bc   _ft_end
9976e6c0   AVD_PrototypeFilter_16k
9976eac0   huff12
9976ee88   RMS_nodeTab
9976f198   huff10
9976f440   huff9
9976f6e4   errno
9976f6e8   enc_pcmbuf
9976f968   enc_spxbuf
9976fbe8   mix_out_buffer
9976fe68   down_samp_data
99770068   _ftable
99770248   Global_buildInfo
99770428   dec_spxbuf
99770578   huff1
997706c0   huff2
99770808   huff3
99770950   huff4
99770a98   huff5
99770be0   huff6
99770d28   ti_sdo_utils_NameServer_Object__table__V
99770e40   huff7
99770f40   huff8
99771040   ti_sdo_ipc_GateMP_Module_State_0_remoteSystemGates__A
99771288   avdAudoGainControlTable
99771320   ti_sdo_ipc_SharedRegion_Module_State_0_regions__A
99771438   ti_sysbios_knl_Swi_Module_State_0_readyQ__A
997714b8   ti_sysbios_knl_Task_Module_State_0_readyQ__A
99771538   VIDENC2COPY_TI_IALG
99771538   VIDENC2COPY_TI_IVIDENC2COPY
99771564   VIDENC2COPY_TI_PARAMS
99771630   VIDDEC3COPY_TI_IALG
99771630   VIDDEC3COPY_TI_IVIDDEC3COPY
9977165c   VIDDEC3COPY_TI_PARAMS
997716a4   VIDTRANSCODECOPY_TI_IALG
997716a4   VIDTRANSCODECOPY_TI_IVIDTRANSCODECOPY
997716d0   VIDTRANSCODECOPY_TI_PARAMS
997717d8   AUDENC1COPY_TI_IALG
997717d8   AUDENC1COPY_TI_IAUDENC1COPY
99771804   AUDENC1COPY_TI_PARAMS
99771838   VIDENC1COPY_TI_IALG
99771838   VIDENC1COPY_TI_IVIDENC1COPY
99771864   VIDENC1COPY_TI_PARAMS
99771898   ti_sdo_fc_dman3_DMAN3_numQdmaGroup
997718f0   ti_sysbios_timers_dmtimer_Timer_Object__table__V
99771948   _DSKT2_DARAM_SCRATCH_SIZES
99771998   _DSKT2_SARAM_SCRATCH_SIZES
997719e8   ti_sdo_ipc_Ipc_Module_State_0_procEntry__A
99771a38   VIDANALYTICSCOPY_TI_IALG
99771a38   VIDANALYTICSCOPY_TI_IVIDANALYTICSCOPY
99771a64   VIDANALYTICSCOPY_TI_PARAMS
99771a80   VIDDEC1COPY_TI_IALG
99771a80   VIDDEC1COPY_TI_IVIDDEC1COPY
99771aac   VIDDEC1COPY_TI_PARAMS
99771ac8   VIDDEC2COPY_TI_IALG
99771ac8   VIDDEC2COPY_TI_IVIDDEC2COPY
99771af4   VIDDEC2COPY_TI_PARAMS
99771b10   VIDDEC2BACKCOPY_TI_IALG
99771b10   VIDDEC2BACKCOPY_TI_IVIDDEC2BACKCOPY
99771b3c   VIDDEC2BACKCOPY_TI_PARAMS
99771b58   IMGDEC1COPY_TI_IALG
99771b58   IMGDEC1COPY_TI_IIMGDEC1COPY
99771b84   IMGDEC1COPY_TI_PARAMS
99771b9c   IMGENC1COPY_TI_IALG
99771b9c   IMGENC1COPY_TI_IIMGENC1COPY
99771bc8   IMGENC1COPY_TI_PARAMS
99771be0   TSK_idle
99771be0   ti_sysbios_knl_Task_Object__table__V
99771d28   G711ENC_SUN_IALG
99771d28   G711ENC_SUN_IG711ENC
99771d54   G711ENC_SUN_PARAMS
99771d68   SPHENC1COPY_TI_IALG
99771d68   SPHENC1COPY_TI_ISPHENC1COPY
99771d94   SPHENC1COPY_TI_PARAMS
99771da8   ti_sysbios_gates_GateMutex_Object__table__V
99771de8   VIDENCCOPY_TI_IALG
99771de8   VIDENCCOPY_TI_VIDENCCOPY
99771e14   VIDENCCOPY_TI_IDMA3
99771e28   AUDDEC1COPY_TI_IALG
99771e28   AUDDEC1COPY_TI_IAUDDEC1COPY
99771e54   AUDDEC1COPY_TI_PARAMS
99771e64   G711DEC_SUN_IALG
99771e64   G711DEC_SUN_IG711DEC
99771e90   G711DEC_SUN_PARAMS
99771ea0   SPHDEC1COPY_TI_IALG
99771ea0   SPHDEC1COPY_TI_ISPHDEC1COPY
99771ecc   SPHDEC1COPY_TI_PARAMS
99771ee0   ti_sysbios_heaps_HeapMem_Object__table__V
99771fc0   ti_sysbios_knl_Swi_Object__table__V
99771ff0   UNIVERSALCOPY_TI_IALG
99771ff0   UNIVERSALCOPY_TI_IUNIVERSALCOPY
9977201c   UNIVERSALCOPY_TI_PARAMS
99772020   AUDDECCOPY_TI_IALG
99772020   AUDDECCOPY_TI_IAUDDECCOPY
9977204c   AUDENCCOPY_TI_AUDENCCOPY
9977204c   AUDENCCOPY_TI_IALG
99772078   IMGDECCOPY_TI_IALG
99772078   IMGDECCOPY_TI_IMGDECCOPY
997720a4   IMGENCCOPY_TI_IALG
997720a4   IMGENCCOPY_TI_IMGENCCOPY
997720d0   SCALE_TI_IALG
997720d0   SCALE_TI_SCALE
997720fc   speexenc_TI_IALG
997720fc   speexenc_TI_speexenc
99772128   SPHDECCOPY_TI_IALG
99772128   SPHDECCOPY_TI_SPHDECCOPY
99772154   SPHENCCOPY_TI_IALG
99772154   SPHENCCOPY_TI_SPHENCCOPY
99772180   VIDDECCOPY_TI_IALG
99772180   VIDDECCOPY_TI_VIDDECCOPY
997721b8   IRESMAN_NULLRES
997721d0   ti_sysbios_timers_dmtimer_Timer_Module_State_0_device__A
997721f8   DMAN3_QDMA_CHANNELS
99772218   DMAN3_QDMA_QUEUE_MAP
99772238   DMAN3_QUEUE_PRIORITIES
99772258   DMAN3_QUEUE_TC_MAP
99772298   _dec
997722b8   _dec_handle
997722d8   ti_sdo_ipc_MessageQ_Module_State_0_heaps__A
997722f8   ti_sdo_ipc_MessageQ_Module_State_0_transports__A
99772318   xdc_runtime_System_Module_State_0_atexitHandlers__A
99772368   ti_sysbios_family_c64p_Hwi_Object__table__V
99772380   ti_sysbios_gates_GateMutexPri_Object__table__V
997723f8   xdc_runtime_Diags_dictElems
99772414   ACPY3_PROTOCOL
99772424   psymodel2
99772438   Processor_ATTRS
99772448   ti_sdo_ce_osal_Memory_DEFAULTPARAMS
99772478   ti_sdo_ce_ipc_bios__Processor_commDescs
99772488   ti_sdo_ipc_Notify_Module_State_0_notifyHandles__A
99772498   ti_sdo_ipc_transports_TransportShmSetup_Module_State_0_handles__A
997724a8   ti_sysbios_gates_GateAll_Object__table__V
997724b8   AVD_CONST_RAM_A1
997724c8   AVD_CONST_RAM_B0
997724d8   AVD_CONST_RAM_B1
997724e4   AUDDEC1_SKEL
997724f0   AUDENC1_SKEL
997724fc   AUDDEC_SKEL
99772508   AUDENC_SKEL
99772514   Engine_ALGCREATEATTRS
9977251c   Engine_ATTRS
99772520   IMGDEC_SKEL
9977252c   IMGENC_SKEL
99772538   IMGDEC1_SKEL
99772544   IMGENC1_SKEL
99772550   Comm_ATTRS
9977255c   NODE_ATTRS
99772568   _cleanup_ptr
9977256c   _dtors_ptr
99772570   __TI_enable_exit_profile_output
99772574   SCALE_SKEL
99772580   SPHDEC_SKEL
9977258c   SPHENC_SKEL
99772598   SPHDEC1_SKEL
997725a4   SPHENC1_SKEL
997725b0   ti_sdo_ce_osal_Memory_heapNames
997725c0   ti_sysbios_gates_GateSwi_Object__table__V
997725d0   ti_sysbios_timers_dmtimer_Timer_Module_State_0_handles__A
997725dc   UNIVERSAL_SKEL
997725e8   VIDANALYTICS_SKEL
997725f4   VIDDEC1_SKEL
99772600   VIDDEC2_SKEL
9977260c   VIDDEC2BACK_SKEL
99772618   VIDDEC3_SKEL
99772624   VIDENC1_SKEL
99772630   VIDENC2_SKEL
9977263c   VIDDEC_SKEL
99772648   VIDENC_SKEL
99772654   VIDTRANSCODE_SKEL
99772660   AVD_CONST_RAM_A0
99772670   DSKT2_ALGATTRS
99772678   _lock
9977267c   _unlock
99772680   SCALE_PARAMS
99772688   ti_sdo_utils_loggers_LoggerSysTID_Object__table__V
99772690   ti_sysbios_hal_Hwi_Object__table__V
99772698   ti_sysbios_hal_Timer_Object__table__V
99772778   ti_sdo_ipc_GateMP_Module_State_0_remoteCustom2Gates__A
99772780   ti_sdo_ipc_Notify_Module_State_0_notifyHandles_0__A
99772788   ti_sdo_ipc_Notify_Module_State_0_notifyHandles_1__A
99772790   ti_sdo_ipc_Notify_Module_State_0_notifyHandles_2__A
99772798   ti_sdo_ipc_Notify_Module_State_0_notifyHandles_3__A
997727a0   ti_sysbios_gates_GateHwi_Object__table__V
997727a8   xdc_runtime_GateNull_Object__table__V
997727b0   ti_sdo_ce_osal_bios_Global_CE_CHECK
997727b8   ti_sdo_ce_osal_bios_Global_CE_DEBUG
997727c0   ti_sdo_utils_NameServer_Module_State_0_nsRemoteHandle__A
997727d0   ti_sysbios_knl_Task_Instance_State_0_hookEnv__A
997727d8   RMAN_TABLE
99772808   RMAN_FREE_ENTRIES
9977282c   ACPY3_QDMA
99772830   ACPY3_EDMA3BASE
99772838   Global_traceBuffer
9977a838   ti_sdo_ce_osal_Memory_heapList
9977a848   ti_sysbios_knl_Task_Instance_State_0_stack__A
9977b448   ec_param
9977b470   ec_buffer
9977b6f0   _tmpnams
9977b9a0   _DMAN3_qdmaBase
9977b9f4   ti_sdo_fc_dman3_desc
9977ba00   ch1
9977ba14   ch2
9977ba28   mixch
9977ba40   ti_sdo_ce_rms_desc
9977ba90   ti_sdo_fc_rman_desc
9977ba9c   ti_sdo_ce_Engine_desc
9977bac0   _ACPY3_qchLockTbl
9977bae0   _DSKT2_scratchDescTbl
9977bae8   ti_sdo_fc_dskt2_desc
9977bafc   ti_sdo_fc_ires_nullres_desc
9977bb08   ti_sdo_ce_algorithm_desc
9977bb14   ti_sdo_ce_utils_xdm_desc
9977bb20   ti_sdo_fc_acpy3_desc
9977bb2c   ti_sdo_ce_audio1_auddec1_desc
9977bb38   ti_sdo_ce_audio1_audenc1_desc
9977bb44   ti_sdo_ce_audio_auddec_desc
9977bb50   ti_sdo_ce_audio_audenc_desc
9977bb5c   ti_sdo_ce_Server_desc
9977bb68   ti_sdo_ce_visa_desc
9977bb74   ti_sdo_ce_settings_desc
9977bb80   ti_sdo_fc_settings_desc
9977bb8c   ti_sdo_ce_image_imgdec_desc
9977bb98   ti_sdo_ce_image_imgenc_desc
9977bba4   ti_sdo_ce_image1_imgdec1_desc
9977bbb0   ti_sdo_ce_image1_imgenc1_desc
9977bbbc   ti_sdo_ce_examples_codecs_imgenc_copy_desc
9977bbc8   ti_sdo_ce_ipc_processor_desc
9977bbd4   ti_sdo_ce_node_desc
9977bbe0   ti_sdo_ce_osal_Global_desc
9977bbec   ti_sdo_ce_osal_Loader_desc
9977bbf8   ti_sdo_ce_osal_Memory_desc
9977bc04   ti_sdo_ce_examples_extensions_scale_desc
9977bc10   ti_sdo_ce_speech_sphdec_desc
9977bc1c   ti_sdo_ce_speech_sphenc_desc
9977bc28   ti_sdo_ce_speech1_sphdec1_desc
9977bc34   ti_sdo_ce_examples_codecs_sphdec_copy_desc
9977bc40   ti_sdo_ce_speech1_sphenc1_desc
9977bc4c   ti_sdo_ce_examples_codecs_sphenc_copy_desc
9977bc58   ti_sdo_ce_universal_desc
9977bc64   ti_sdo_ce_vidanalytics_desc
9977bc70   ti_sdo_ce_video1_viddec1_desc
9977bc7c   ti_sdo_ce_video2_viddec2_desc
9977bc88   ti_sdo_ce_video2_split_viddec2back_desc
9977bc94   ti_sdo_ce_video3_viddec3_desc
9977bca0   ti_sdo_ce_examples_codecs_viddec_copy_desc
9977bcac   ti_sdo_ce_video1_videnc1_desc
9977bcb8   ti_sdo_ce_video2_videnc2_desc
9977bcc4   ti_sdo_ce_examples_codecs_videnc_copy_desc
9977bcd0   ti_sdo_ce_video_viddec_desc
9977bcdc   ti_sdo_ce_video_videnc_desc
9977bce8   ti_sdo_ce_vidtranscode_desc
9977c4a0   _DMAN3_data
9977c4a0   __TI_STATIC_BASE
9977c4b4   aac
9977c4b8   myClock1
9977c4bc   myClock2
9977c4c0   myClock3
9977c4c4   myClock4
9977c4cc   DSKT2_allowExternalScratch
9977c4d4   Memory_skipVirtualAddressTranslation
9977c4d6   ti_sdo_fc_multiProcess
9977c4d8   ti_sdo_fc_useDNUM
9977c4da   ti_sdo_fc_useL3MemoryMap
9977c4dc   ti_sdo_ce_Engine_initFromServer
9977c4e0   ti_sdo_ce_Server_skelCachingPolicy
9977c4e4   Global_useLinkArbiter
9977c4ec   VISA_checked
9977c4f0   _DSKT2_ipcKeyBase
9977c4f4   DSKT2_daram0Heap
9977c4f8   DSKT2_daram1Heap
9977c4fc   DSKT2_daram2Heap
9977c500   DSKT2_saram0Heap
9977c504   DSKT2_saram1Heap
9977c508   DSKT2_saram2Heap
9977c50c   DSKT2_iprogHeap
9977c510   DSKT2_eprogHeap
9977c514   DSKT2_esdataHeap
9977c518   _DSKT2_heap
9977c51c   _DMAN3_ipcKeyBase
9977c520   ti_sdo_fc_rman_RMAN_ipcKey
9977c524   ti_sdo_fc_rman_RMAN_setYieldArgs
9977c528   NODE
9977c52c   ti_sdo_ce_ipc_bios_manageIpc
9977c530   Comm_MSGSIZE
9977c534   Comm_NUMMSGS
9977c538   ti_sdo_ce_ipc_bios__Processor_defaultSharedRegionId
9977c53a   ti_sdo_ce_ipc_bios__Processor_defaultHeapId
9977c53c   ti_sdo_ce_ipc_bios__Processor_defaultNumMsgs
9977c540   ti_sdo_ce_ipc_bios__Processor_defaultMsgSize
9977c544   ti_sdo_ce_ipc_bios__Processor_numCommDescs
9977c548   ti_sdo_ce_alg_Algorithm_useHeap
9977c54a   ti_sdo_ce_alg_Algorithm_useCache
9977c54c   ti_sdo_ce_alg_Algorithm_MAXGROUPID
9977c550   ti_sdo_ce_alg_Algorithm_ipcKey
9977c554   Syslink_terminateEventId
9977c558   Syslink_terminateEventLineId
9977c55c   Global_traceBufferSize
9977c560   ti_sdo_ce_osal_Memory_numHeaps
9977c568   ti_sdo_ce__versionString
9977c574   Engine_alwaysCollectDspTrace
9977c578   Engine_ceDebugDspTraceMask
9977c590   _DSKT2_memTabList
9977c594   _DSKT2_activeAlg
9977c598   _DSKT2_lastActiveAlg
9977c59c   _DSKT2_scratchShareRefCount
9977c5a0   _DSKT2_createCallbackFxn
9977c5a4   _DSKT2_NumYielded
9977c5a8   _DSKT2_yielded
9977c5ac   _DSKT2_initialized
9977c5b4   _DSKT2_gate
9977c5dc   _DMAN3_initStatus
9977c5e8   _DMAN3_paRamAddr
9977c5ec   _DMAN3_edma3Addr
9977c5f0   _DMAN3_nullPaRam
9977c5f4   _DMAN3_maxAssignedTcc
9977c5f8   DMAN3_gate
9977c624   inputsamples
9977c628   maxoutputbytes
9977c62c   pcm_buffer_length
9977c630   read_pos
9977c634   write_pos
9977c638   _enc_handle
9977c63c   _start_run
9977c640   _enc
9977c6a4   Server_holdingTraceToken
9977c6ac   ti_sdo_fc_dskt2_DSKT2_convertAddr
9977c6b0   _DSKT2_algReferenceCount
9977c768   EXT_HEAP
9977c76c   INT_HEAP
9977c770   EXTALG_HEAP
9977c774   kSamplesPerFrame
9977c778   kSampleRate
9977c77c   kFifoBufferCount
9977c800   ti_sysbios_family_c64p_Hwi0
9977c820   ti_sysbios_family_c64p_Hwi1
9977c840   ti_sysbios_family_c64p_Hwi2
9977c860   ti_sysbios_family_c64p_Hwi3
9977c880   ti_sysbios_family_c64p_Hwi4
9977c8a0   ti_sysbios_family_c64p_Hwi5
9977c8c0   ti_sysbios_family_c64p_Hwi6
9977c8e0   ti_sysbios_family_c64p_Hwi7
9977c900   ti_sysbios_family_c64p_Hwi8
9977c920   ti_sysbios_family_c64p_Hwi9
9977c940   ti_sysbios_family_c64p_Hwi10
9977c960   ti_sysbios_family_c64p_Hwi11
9977c980   ti_sysbios_family_c64p_Hwi12
9977c9a0   ti_sysbios_family_c64p_Hwi13
9977c9c0   ti_sysbios_family_c64p_Hwi14
9977c9e0   ti_sysbios_family_c64p_Hwi15
9977ca00   __CIOBUF_
9977cc00   _Ipc_ResetVector
9977cc08   Ipc_sr0MemorySetup
ffffffff   __TI_pprof_out_hndl
ffffffff   __TI_prof_data_size
ffffffff   __TI_prof_data_start
ffffffff   __binit__
ffffffff   __c_args__
ffffffff   binit

[5489 symbols]


DYNAMIC SYMBOLS: SORTED ALPHABETICALLY BY Name 

address    name
--------   ----
UNDEFED    
99771be0   TSK_idle
9977cc00   _Ipc_ResetVector
9973e520   __TI_STACK_END
00080000   __TI_STACK_SIZE
9977c4a0   __TI_STATIC_BASE
ffffffff   __TI_pprof_out_hndl
ffffffff   __TI_prof_data_size
ffffffff   __TI_prof_data_start
ffffffff   __binit__
ffffffff   __c_args__
00000000   _argsize
ffffffff   binit
00000001   xdc_runtime_Startup__EXECFXN__C
00000001   xdc_runtime_Startup__RESETFXN__C

[15 symbols]


IMPORTED and EXPORTED SYMBOLS: SORTED ALPHABETICALLY BY Name 

IMPORTED SYMBOLS

name                           size      Imported from
-----------------------------  --------  -------------

[0 symbols]


EXPORTED SYMBOLS

address    name
--------   ----
9977cc00   _Ipc_ResetVector
